Component: ARM Compiler 5.06 update 1 (build 61) Tool: armlink [4d35a8]

==============================================================================

Section Cross References

    main.o(.text) refers to lpc177x_8x_eeprom.o(.text) for LPC1778_EEPROM_Init
    main.o(.text) refers to delay.o(.text) for delay_nms
    main.o(.text) refers to uart0.o(.text) for UART0Init
    main.o(.text) refers to uart1.o(.text) for UART1_Init
    main.o(.text) refers to os_time.o(.text) for OSTimeDly
    main.o(.text) refers to system_lpc177x_8x.o(.text) for SystemInit
    main.o(.text) refers to os_cpu_a.o(OSKernelschedular) for IntDisAll
    main.o(.text) refers to os_core.o(.text) for OSInit
    main.o(.text) refers to os_cpu_c.o(.text) for OS_CPU_SysTickInit
    main.o(.text) refers to os_task.o(.text) for OSTaskCreate
    main.o(.text) refers to os_mbox.o(.text) for OSMboxCreate
    main.o(.text) refers to main.o(.bss) for .bss
    main.o(.text) refers to main.o(.data) for .data
    main.o(.text) refers to system_lpc177x_8x.o(.data) for SystemCoreClock
    main.o(.text) refers to user_task.o(.text) for TaskUart0Cmd
    cmd_process.o(.text) refers to memcpya.o(.text) for __aeabi_memcpy
    cmd_process.o(.text) refers to memseta.o(.text) for __aeabi_memclr4
    cmd_process.o(.text) refers to strstr.o(.text) for strstr
    cmd_process.o(.text) refers to function.o(.text) for err
    cmd_process.o(.text) refers to lpc177x_8x_eeprom.o(.text) for Save_To_EPROM
    cmd_process.o(.text) refers to printf6.o(i.__0sprintf$6) for __2sprintf
    cmd_process.o(.text) refers to strcat.o(.text) for strcat
    cmd_process.o(.text) refers to main.o(.constdata) for SVersion
    cmd_process.o(.text) refers to main.o(.bss) for EPROM
    user_task.o(.text) refers to os_time.o(.text) for OSTimeDly
    user_task.o(.text) refers to os_mbox.o(.text) for OSMboxPend
    user_task.o(.text) refers to cmd_process.o(.text) for cmd_process
    user_task.o(.text) refers to uart1.o(.text) for UART1Put_str
    user_task.o(.text) refers to uart0.o(.text) for UART0Put_str
    user_task.o(.text) refers to uart2.o(.text) for UART2Getch
    user_task.o(.text) refers to main.o(.data) for Uart0RcvMbox
    user_task.o(.text) refers to main.o(.bss) for uart0RcvBuf
    user_task.o(.text) refers to main.o(.data) for Uart1RcvMbox
    user_task.o(.text) refers to main.o(.bss) for uart1RcvBuf
    function.o(.text) refers to os_cpu_a.o(OSKernelschedular) for OS_CPU_SR_Save
    function.o(.text) refers to printf6.o(i.__0sprintf$6) for __2sprintf
    function.o(.text) refers to uart0.o(.text) for UART0Put_str
    function.o(.text) refers to lpc177x_8x_eeprom.o(.text) for Save_To_EPROM
    function.o(.text) refers to cmd_process.o(.text) for creat_ch
    function.o(.text) refers to main.o(.bss) for EPROM
    lpc177x_8x_eeprom.o(.text) refers to system_lpc177x_8x.o(.data) for SystemCoreClock
    lpc177x_8x_eeprom.o(.text) refers to main.o(.bss) for EPROM
    queue.o(.text) refers to os_cpu_a.o(OSKernelschedular) for OS_CPU_SR_Save
    uart0.o(.text) refers to queue.o(.text) for QueueSize
    uart0.o(.text) refers to os_time.o(.text) for OSTimeDly
    uart0.o(.text) refers to os_sem.o(.text) for OSSemCreate
    uart0.o(.text) refers to os_cpu_a.o(OSKernelschedular) for OS_CPU_SR_Save
    uart0.o(.text) refers to main.o(.bss) for EPROM
    uart0.o(.text) refers to system_lpc177x_8x.o(.data) for PeripheralClock
    uart0.o(.text) refers to uart0.o(.bss) for .bss
    uart0.o(.text) refers to uart0.o(.data) for .data
    uart1.o(.text) refers to queue.o(.text) for QueueSize
    uart1.o(.text) refers to os_time.o(.text) for OSTimeDly
    uart1.o(.text) refers to os_sem.o(.text) for OSSemCreate
    uart1.o(.text) refers to os_cpu_a.o(OSKernelschedular) for OS_CPU_SR_Save
    uart1.o(.text) refers to system_lpc177x_8x.o(.data) for PeripheralClock
    uart1.o(.text) refers to uart1.o(.bss) for .bss
    uart1.o(.text) refers to uart1.o(.data) for .data
    uart2.o(.text) refers to queue.o(.text) for QueueSize
    uart2.o(.text) refers to os_time.o(.text) for OSTimeDly
    uart2.o(.text) refers to os_sem.o(.text) for OSSemCreate
    uart2.o(.text) refers to os_cpu_a.o(OSKernelschedular) for OS_CPU_SR_Save
    uart2.o(.text) refers to system_lpc177x_8x.o(.data) for PeripheralClock
    uart2.o(.text) refers to uart2.o(.bss) for .bss
    uart2.o(.text) refers to uart2.o(.data) for .data
    startup_lpc17xx.o(RESET) refers to startup_lpc17xx.o(STACK) for __initial_sp
    startup_lpc17xx.o(RESET) refers to startup_lpc17xx.o(.text) for Reset_Handler
    startup_lpc17xx.o(RESET) refers to os_cpu_a.o(OSKernelschedular) for PendSV_Handler
    startup_lpc17xx.o(RESET) refers to os_cpu_c.o(.text) for SysTick_Handler
    startup_lpc17xx.o(RESET) refers to uart0.o(.text) for UART0_IRQHandler
    startup_lpc17xx.o(RESET) refers to uart1.o(.text) for UART1_IRQHandler
    startup_lpc17xx.o(RESET) refers to uart2.o(.text) for UART2_IRQHandler
    startup_lpc17xx.o(.text) refers to system_lpc177x_8x.o(.text) for SystemInit
    startup_lpc17xx.o(.text) refers to entry.o(.ARM.Collect$$$$00000000) for __main
    system_lpc177x_8x.o(.text) refers to system_lpc177x_8x.o(.data) for .data
    os_cpu_c.o(.text) refers to os_apphooks.o(.text) for App_TaskCreateHook
    os_cpu_c.o(.text) refers to os_tmr.o(.text) for OSTmrSignal
    os_cpu_c.o(.text) refers to os_cpu_a.o(OSKernelschedular) for OS_CPU_SR_Save
    os_cpu_c.o(.text) refers to user_timeticks.o(.text) for User_TimeTicks
    os_cpu_c.o(.text) refers to os_core.o(.text) for OSTimeTick
    os_cpu_c.o(.text) refers to os_cpu_c.o(.data) for .data
    os_cpu_c.o(.text) refers to os_task.o(.text) for OS_TaskReturn
    os_cpu_c.o(.text) refers to os_core.o(.data) for OSIntNesting
    os_cpu_a.o(OSKernelschedular) refers to os_core.o(.data) for OSRunning
    os_core.o(.text) refers to os_cpu_a.o(OSKernelschedular) for OS_CPU_SR_Save
    os_core.o(.text) refers to os_task.o(.text) for OSTaskStkChk
    os_core.o(.text) refers to os_time.o(.text) for OSTimeDly
    os_core.o(.text) refers to os_cpu_c.o(.text) for OSTaskStatHook
    os_core.o(.text) refers to os_core.o(.data) for .data
    os_core.o(.text) refers to os_core.o(.bss) for .bss
    os_core.o(.text) refers to os_flag.o(.text) for OS_FlagInit
    os_core.o(.text) refers to os_mem.o(.text) for OS_MemInit
    os_core.o(.text) refers to os_q.o(.text) for OS_QInit
    os_core.o(.text) refers to os_tmr.o(.text) for OSTmr_Init
    os_core.o(.text) refers to os_dbg.o(.text) for OSDebugInit
    os_core.o(.text) refers to os_core.o(.constdata) for .constdata
    os_flag.o(.text) refers to os_cpu_a.o(OSKernelschedular) for OS_CPU_SR_Save
    os_flag.o(.text) refers to os_core.o(.text) for OS_Sched
    os_flag.o(.text) refers to os_core.o(.data) for OSIntNesting
    os_flag.o(.text) refers to os_core.o(.data) for OSFlagFreeList
    os_flag.o(.text) refers to os_core.o(.bss) for OSFlagTbl
    os_mbox.o(.text) refers to os_cpu_a.o(OSKernelschedular) for OS_CPU_SR_Save
    os_mbox.o(.text) refers to os_core.o(.text) for OS_EventWaitListInit
    os_mbox.o(.text) refers to os_core.o(.data) for OSIntNesting
    os_mem.o(.text) refers to os_cpu_a.o(OSKernelschedular) for OS_CPU_SR_Save
    os_mem.o(.text) refers to os_core.o(.text) for OS_StrLen
    os_mem.o(.text) refers to os_core.o(.data) for OSMemFreeList
    os_mem.o(.text) refers to os_core.o(.data) for OSIntNesting
    os_mem.o(.text) refers to os_core.o(.bss) for OSMemTbl
    os_mutex.o(.text) refers to os_cpu_a.o(OSKernelschedular) for OS_CPU_SR_Save
    os_mutex.o(.text) refers to os_core.o(.text) for OS_EventWaitListInit
    os_mutex.o(.text) refers to os_core.o(.data) for OSIntNesting
    os_mutex.o(.text) refers to os_core.o(.bss) for OSTCBPrioTbl
    os_q.o(.text) refers to os_cpu_a.o(OSKernelschedular) for OS_CPU_SR_Save
    os_q.o(.text) refers to os_core.o(.text) for OS_EventWaitListInit
    os_q.o(.text) refers to os_core.o(.data) for OSIntNesting
    os_q.o(.text) refers to os_core.o(.data) for OSQFreeList
    os_q.o(.text) refers to os_core.o(.bss) for OSQTbl
    os_sem.o(.text) refers to os_cpu_a.o(OSKernelschedular) for OS_CPU_SR_Save
    os_sem.o(.text) refers to os_core.o(.text) for OS_EventWaitListInit
    os_sem.o(.text) refers to os_core.o(.data) for OSIntNesting
    os_task.o(.text) refers to os_cpu_a.o(OSKernelschedular) for OS_CPU_SR_Save
    os_task.o(.text) refers to os_core.o(.text) for OS_Sched
    os_task.o(.text) refers to os_cpu_c.o(.text) for OSTaskStkInit
    os_task.o(.text) refers to os_flag.o(.text) for OS_FlagUnlink
    os_task.o(.text) refers to os_core.o(.bss) for OSTCBPrioTbl
    os_task.o(.text) refers to os_core.o(.data) for OSTCBCur
    os_task.o(.text) refers to os_apphooks.o(.text) for OSTaskReturnHook
    os_time.o(.text) refers to os_cpu_a.o(OSKernelschedular) for OS_CPU_SR_Save
    os_time.o(.text) refers to os_core.o(.text) for OS_Sched
    os_time.o(.text) refers to os_core.o(.data) for OSIntNesting
    os_time.o(.text) refers to os_core.o(.bss) for OSTCBPrioTbl
    os_tmr.o(.text) refers to os_core.o(.text) for OSSchedLock
    os_tmr.o(.text) refers to os_sem.o(.text) for OSSemPost
    os_tmr.o(.text) refers to os_core.o(.data) for OSIntNesting
    os_tmr.o(.text) refers to os_core.o(.data) for OSTmrFreeList
    os_tmr.o(.text) refers to os_core.o(.data) for OSTmrUsed
    os_tmr.o(.text) refers to os_core.o(.data) for OSTmrFree
    os_tmr.o(.text) refers to os_core.o(.bss) for OSTmrWheelTbl
    os_tmr.o(.text) refers to os_core.o(.data) for OSTmrTime
    os_tmr.o(.text) refers to os_core.o(.data) for OSTmrSemSignal
    os_tmr.o(.text) refers to os_task.o(.text) for OSTaskCreateExt
    os_tmr.o(.text) refers to os_core.o(.bss) for OSTmrTbl
    os_tmr.o(.text) refers to os_core.o(.data) for OSTmrSem
    os_tmr.o(.text) refers to os_core.o(.bss) for OSTmrTaskStk
    entry.o(.ARM.Collect$$$$00000000) refers (Special) to entry10a.o(.ARM.Collect$$$$0000000D) for __rt_final_cpp
    entry.o(.ARM.Collect$$$$00000000) refers (Special) to entry11a.o(.ARM.Collect$$$$0000000F) for __rt_final_exit
    entry.o(.ARM.Collect$$$$00000000) refers (Special) to entry7b.o(.ARM.Collect$$$$00000008) for _main_clock
    entry.o(.ARM.Collect$$$$00000000) refers (Special) to entry8b.o(.ARM.Collect$$$$0000000A) for _main_cpp_init
    entry.o(.ARM.Collect$$$$00000000) refers (Special) to entry9a.o(.ARM.Collect$$$$0000000B) for _main_init
    entry.o(.ARM.Collect$$$$00000000) refers (Special) to entry5.o(.ARM.Collect$$$$00000004) for _main_scatterload
    entry.o(.ARM.Collect$$$$00000000) refers (Special) to entry2.o(.ARM.Collect$$$$00000001) for _main_stk
    printfb.o(i.__0fprintf$bare) refers to printfb.o(i._printf_core) for _printf_core
    printfb.o(i.__0fprintf$bare) refers to fputc.o(i.fputc) for fputc
    printfb.o(i.__0printf$bare) refers to printfb.o(i._printf_core) for _printf_core
    printfb.o(i.__0printf$bare) refers to fputc.o(i.fputc) for fputc
    printfb.o(i.__0printf$bare) refers to stdout.o(.data) for __stdout
    printfb.o(i.__0snprintf$bare) refers to printfb.o(i._printf_core) for _printf_core
    printfb.o(i.__0snprintf$bare) refers to printfb.o(i._snputc) for _snputc
    printfb.o(i.__0sprintf$bare) refers to printfb.o(i._printf_core) for _printf_core
    printfb.o(i.__0sprintf$bare) refers to printfb.o(i._sputc) for _sputc
    printfb.o(i.__0vfprintf$bare) refers to printfb.o(i._printf_core) for _printf_core
    printfb.o(i.__0vfprintf$bare) refers to fputc.o(i.fputc) for fputc
    printfb.o(i.__0vprintf$bare) refers to printfb.o(i._printf_core) for _printf_core
    printfb.o(i.__0vprintf$bare) refers to fputc.o(i.fputc) for fputc
    printfb.o(i.__0vprintf$bare) refers to stdout.o(.data) for __stdout
    printfb.o(i.__0vsnprintf$bare) refers to printfb.o(i._printf_core) for _printf_core
    printfb.o(i.__0vsnprintf$bare) refers to printfb.o(i._snputc) for _snputc
    printfb.o(i.__0vsprintf$bare) refers to printfb.o(i._printf_core) for _printf_core
    printfb.o(i.__0vsprintf$bare) refers to printfb.o(i._sputc) for _sputc
    printf0.o(i.__0fprintf$0) refers to printf0.o(i._printf_core) for _printf_core
    printf0.o(i.__0fprintf$0) refers to fputc.o(i.fputc) for fputc
    printf0.o(i.__0printf$0) refers to printf0.o(i._printf_core) for _printf_core
    printf0.o(i.__0printf$0) refers to fputc.o(i.fputc) for fputc
    printf0.o(i.__0printf$0) refers to stdout.o(.data) for __stdout
    printf0.o(i.__0snprintf$0) refers to printf0.o(i._printf_core) for _printf_core
    printf0.o(i.__0snprintf$0) refers to printf0.o(i._snputc) for _snputc
    printf0.o(i.__0sprintf$0) refers to printf0.o(i._printf_core) for _printf_core
    printf0.o(i.__0sprintf$0) refers to printf0.o(i._sputc) for _sputc
    printf0.o(i.__0vfprintf$0) refers to printf0.o(i._printf_core) for _printf_core
    printf0.o(i.__0vfprintf$0) refers to fputc.o(i.fputc) for fputc
    printf0.o(i.__0vprintf$0) refers to printf0.o(i._printf_core) for _printf_core
    printf0.o(i.__0vprintf$0) refers to fputc.o(i.fputc) for fputc
    printf0.o(i.__0vprintf$0) refers to stdout.o(.data) for __stdout
    printf0.o(i.__0vsnprintf$0) refers to printf0.o(i._printf_core) for _printf_core
    printf0.o(i.__0vsnprintf$0) refers to printf0.o(i._snputc) for _snputc
    printf0.o(i.__0vsprintf$0) refers to printf0.o(i._printf_core) for _printf_core
    printf0.o(i.__0vsprintf$0) refers to printf0.o(i._sputc) for _sputc
    printf1.o(i.__0fprintf$1) refers to printf1.o(i._printf_core) for _printf_core
    printf1.o(i.__0fprintf$1) refers to fputc.o(i.fputc) for fputc
    printf1.o(i.__0printf$1) refers to printf1.o(i._printf_core) for _printf_core
    printf1.o(i.__0printf$1) refers to fputc.o(i.fputc) for fputc
    printf1.o(i.__0printf$1) refers to stdout.o(.data) for __stdout
    printf1.o(i.__0snprintf$1) refers to printf1.o(i._printf_core) for _printf_core
    printf1.o(i.__0snprintf$1) refers to printf1.o(i._snputc) for _snputc
    printf1.o(i.__0sprintf$1) refers to printf1.o(i._printf_core) for _printf_core
    printf1.o(i.__0sprintf$1) refers to printf1.o(i._sputc) for _sputc
    printf1.o(i.__0vfprintf$1) refers to printf1.o(i._printf_core) for _printf_core
    printf1.o(i.__0vfprintf$1) refers to fputc.o(i.fputc) for fputc
    printf1.o(i.__0vprintf$1) refers to printf1.o(i._printf_core) for _printf_core
    printf1.o(i.__0vprintf$1) refers to fputc.o(i.fputc) for fputc
    printf1.o(i.__0vprintf$1) refers to stdout.o(.data) for __stdout
    printf1.o(i.__0vsnprintf$1) refers to printf1.o(i._printf_core) for _printf_core
    printf1.o(i.__0vsnprintf$1) refers to printf1.o(i._snputc) for _snputc
    printf1.o(i.__0vsprintf$1) refers to printf1.o(i._printf_core) for _printf_core
    printf1.o(i.__0vsprintf$1) refers to printf1.o(i._sputc) for _sputc
    printf1.o(i._printf_core) refers to uidiv.o(.text) for __aeabi_uidivmod
    printf2.o(i.__0fprintf$2) refers to printf2.o(i._printf_core) for _printf_core
    printf2.o(i.__0fprintf$2) refers to fputc.o(i.fputc) for fputc
    printf2.o(i.__0printf$2) refers to printf2.o(i._printf_core) for _printf_core
    printf2.o(i.__0printf$2) refers to fputc.o(i.fputc) for fputc
    printf2.o(i.__0printf$2) refers to stdout.o(.data) for __stdout
    printf2.o(i.__0snprintf$2) refers to printf2.o(i._printf_core) for _printf_core
    printf2.o(i.__0snprintf$2) refers to printf2.o(i._snputc) for _snputc
    printf2.o(i.__0sprintf$2) refers to printf2.o(i._printf_core) for _printf_core
    printf2.o(i.__0sprintf$2) refers to printf2.o(i._sputc) for _sputc
    printf2.o(i.__0vfprintf$2) refers to printf2.o(i._printf_core) for _printf_core
    printf2.o(i.__0vfprintf$2) refers to fputc.o(i.fputc) for fputc
    printf2.o(i.__0vprintf$2) refers to printf2.o(i._printf_core) for _printf_core
    printf2.o(i.__0vprintf$2) refers to fputc.o(i.fputc) for fputc
    printf2.o(i.__0vprintf$2) refers to stdout.o(.data) for __stdout
    printf2.o(i.__0vsnprintf$2) refers to printf2.o(i._printf_core) for _printf_core
    printf2.o(i.__0vsnprintf$2) refers to printf2.o(i._snputc) for _snputc
    printf2.o(i.__0vsprintf$2) refers to printf2.o(i._printf_core) for _printf_core
    printf2.o(i.__0vsprintf$2) refers to printf2.o(i._sputc) for _sputc
    printf3.o(i.__0fprintf$3) refers to printf3.o(i._printf_core) for _printf_core
    printf3.o(i.__0fprintf$3) refers to fputc.o(i.fputc) for fputc
    printf3.o(i.__0printf$3) refers to printf3.o(i._printf_core) for _printf_core
    printf3.o(i.__0printf$3) refers to fputc.o(i.fputc) for fputc
    printf3.o(i.__0printf$3) refers to stdout.o(.data) for __stdout
    printf3.o(i.__0snprintf$3) refers to printf3.o(i._printf_core) for _printf_core
    printf3.o(i.__0snprintf$3) refers to printf3.o(i._snputc) for _snputc
    printf3.o(i.__0sprintf$3) refers to printf3.o(i._printf_core) for _printf_core
    printf3.o(i.__0sprintf$3) refers to printf3.o(i._sputc) for _sputc
    printf3.o(i.__0vfprintf$3) refers to printf3.o(i._printf_core) for _printf_core
    printf3.o(i.__0vfprintf$3) refers to fputc.o(i.fputc) for fputc
    printf3.o(i.__0vprintf$3) refers to printf3.o(i._printf_core) for _printf_core
    printf3.o(i.__0vprintf$3) refers to fputc.o(i.fputc) for fputc
    printf3.o(i.__0vprintf$3) refers to stdout.o(.data) for __stdout
    printf3.o(i.__0vsnprintf$3) refers to printf3.o(i._printf_core) for _printf_core
    printf3.o(i.__0vsnprintf$3) refers to printf3.o(i._snputc) for _snputc
    printf3.o(i.__0vsprintf$3) refers to printf3.o(i._printf_core) for _printf_core
    printf3.o(i.__0vsprintf$3) refers to printf3.o(i._sputc) for _sputc
    printf3.o(i._printf_core) refers to uidiv.o(.text) for __aeabi_uidivmod
    printf4.o(i.__0fprintf$4) refers to printf4.o(i._printf_core) for _printf_core
    printf4.o(i.__0fprintf$4) refers to fputc.o(i.fputc) for fputc
    printf4.o(i.__0printf$4) refers to printf4.o(i._printf_core) for _printf_core
    printf4.o(i.__0printf$4) refers to fputc.o(i.fputc) for fputc
    printf4.o(i.__0printf$4) refers to stdout.o(.data) for __stdout
    printf4.o(i.__0snprintf$4) refers to printf4.o(i._printf_core) for _printf_core
    printf4.o(i.__0snprintf$4) refers to printf4.o(i._snputc) for _snputc
    printf4.o(i.__0sprintf$4) refers to printf4.o(i._printf_core) for _printf_core
    printf4.o(i.__0sprintf$4) refers to printf4.o(i._sputc) for _sputc
    printf4.o(i.__0vfprintf$4) refers to printf4.o(i._printf_core) for _printf_core
    printf4.o(i.__0vfprintf$4) refers to fputc.o(i.fputc) for fputc
    printf4.o(i.__0vprintf$4) refers to printf4.o(i._printf_core) for _printf_core
    printf4.o(i.__0vprintf$4) refers to fputc.o(i.fputc) for fputc
    printf4.o(i.__0vprintf$4) refers to stdout.o(.data) for __stdout
    printf4.o(i.__0vsnprintf$4) refers to printf4.o(i._printf_core) for _printf_core
    printf4.o(i.__0vsnprintf$4) refers to printf4.o(i._snputc) for _snputc
    printf4.o(i.__0vsprintf$4) refers to printf4.o(i._printf_core) for _printf_core
    printf4.o(i.__0vsprintf$4) refers to printf4.o(i._sputc) for _sputc
    printf4.o(i._printf_core) refers to uldiv.o(.text) for __aeabi_uldivmod
    printf5.o(i.__0fprintf$5) refers to printf5.o(i._printf_core) for _printf_core
    printf5.o(i.__0fprintf$5) refers to fputc.o(i.fputc) for fputc
    printf5.o(i.__0printf$5) refers to printf5.o(i._printf_core) for _printf_core
    printf5.o(i.__0printf$5) refers to fputc.o(i.fputc) for fputc
    printf5.o(i.__0printf$5) refers to stdout.o(.data) for __stdout
    printf5.o(i.__0snprintf$5) refers to printf5.o(i._printf_core) for _printf_core
    printf5.o(i.__0snprintf$5) refers to printf5.o(i._snputc) for _snputc
    printf5.o(i.__0sprintf$5) refers to printf5.o(i._printf_core) for _printf_core
    printf5.o(i.__0sprintf$5) refers to printf5.o(i._sputc) for _sputc
    printf5.o(i.__0vfprintf$5) refers to printf5.o(i._printf_core) for _printf_core
    printf5.o(i.__0vfprintf$5) refers to fputc.o(i.fputc) for fputc
    printf5.o(i.__0vprintf$5) refers to printf5.o(i._printf_core) for _printf_core
    printf5.o(i.__0vprintf$5) refers to fputc.o(i.fputc) for fputc
    printf5.o(i.__0vprintf$5) refers to stdout.o(.data) for __stdout
    printf5.o(i.__0vsnprintf$5) refers to printf5.o(i._printf_core) for _printf_core
    printf5.o(i.__0vsnprintf$5) refers to printf5.o(i._snputc) for _snputc
    printf5.o(i.__0vsprintf$5) refers to printf5.o(i._printf_core) for _printf_core
    printf5.o(i.__0vsprintf$5) refers to printf5.o(i._sputc) for _sputc
    printf5.o(i._printf_core) refers to uldiv.o(.text) for __aeabi_uldivmod
    printf6.o(i.__0fprintf$6) refers to printf6.o(i._printf_core) for _printf_core
    printf6.o(i.__0fprintf$6) refers to fputc.o(i.fputc) for fputc
    printf6.o(i.__0printf$6) refers to printf6.o(i._printf_core) for _printf_core
    printf6.o(i.__0printf$6) refers to fputc.o(i.fputc) for fputc
    printf6.o(i.__0printf$6) refers to stdout.o(.data) for __stdout
    printf6.o(i.__0snprintf$6) refers to printf6.o(i._printf_core) for _printf_core
    printf6.o(i.__0snprintf$6) refers to printf6.o(i._snputc) for _snputc
    printf6.o(i.__0sprintf$6) refers to printf6.o(i._printf_core) for _printf_core
    printf6.o(i.__0sprintf$6) refers to printf6.o(i._sputc) for _sputc
    printf6.o(i.__0vfprintf$6) refers to printf6.o(i._printf_core) for _printf_core
    printf6.o(i.__0vfprintf$6) refers to fputc.o(i.fputc) for fputc
    printf6.o(i.__0vprintf$6) refers to printf6.o(i._printf_core) for _printf_core
    printf6.o(i.__0vprintf$6) refers to fputc.o(i.fputc) for fputc
    printf6.o(i.__0vprintf$6) refers to stdout.o(.data) for __stdout
    printf6.o(i.__0vsnprintf$6) refers to printf6.o(i._printf_core) for _printf_core
    printf6.o(i.__0vsnprintf$6) refers to printf6.o(i._snputc) for _snputc
    printf6.o(i.__0vsprintf$6) refers to printf6.o(i._printf_core) for _printf_core
    printf6.o(i.__0vsprintf$6) refers to printf6.o(i._sputc) for _sputc
    printf6.o(i._printf_core) refers to printf6.o(i._printf_pre_padding) for _printf_pre_padding
    printf6.o(i._printf_core) refers to uidiv.o(.text) for __aeabi_uidivmod
    printf6.o(i._printf_core) refers to printf6.o(i._printf_post_padding) for _printf_post_padding
    printf7.o(i.__0fprintf$7) refers to printf7.o(i._printf_core) for _printf_core
    printf7.o(i.__0fprintf$7) refers to fputc.o(i.fputc) for fputc
    printf7.o(i.__0printf$7) refers to printf7.o(i._printf_core) for _printf_core
    printf7.o(i.__0printf$7) refers to fputc.o(i.fputc) for fputc
    printf7.o(i.__0printf$7) refers to stdout.o(.data) for __stdout
    printf7.o(i.__0snprintf$7) refers to printf7.o(i._printf_core) for _printf_core
    printf7.o(i.__0snprintf$7) refers to printf7.o(i._snputc) for _snputc
    printf7.o(i.__0sprintf$7) refers to printf7.o(i._printf_core) for _printf_core
    printf7.o(i.__0sprintf$7) refers to printf7.o(i._sputc) for _sputc
    printf7.o(i.__0vfprintf$7) refers to printf7.o(i._printf_core) for _printf_core
    printf7.o(i.__0vfprintf$7) refers to fputc.o(i.fputc) for fputc
    printf7.o(i.__0vprintf$7) refers to printf7.o(i._printf_core) for _printf_core
    printf7.o(i.__0vprintf$7) refers to fputc.o(i.fputc) for fputc
    printf7.o(i.__0vprintf$7) refers to stdout.o(.data) for __stdout
    printf7.o(i.__0vsnprintf$7) refers to printf7.o(i._printf_core) for _printf_core
    printf7.o(i.__0vsnprintf$7) refers to printf7.o(i._snputc) for _snputc
    printf7.o(i.__0vsprintf$7) refers to printf7.o(i._printf_core) for _printf_core
    printf7.o(i.__0vsprintf$7) refers to printf7.o(i._sputc) for _sputc
    printf7.o(i._printf_core) refers to printf7.o(i._printf_pre_padding) for _printf_pre_padding
    printf7.o(i._printf_core) refers to uldiv.o(.text) for __aeabi_uldivmod
    printf7.o(i._printf_core) refers to printf7.o(i._printf_post_padding) for _printf_post_padding
    printf8.o(i.__0fprintf$8) refers to printf8.o(i._printf_core) for _printf_core
    printf8.o(i.__0fprintf$8) refers to fputc.o(i.fputc) for fputc
    printf8.o(i.__0printf$8) refers to printf8.o(i._printf_core) for _printf_core
    printf8.o(i.__0printf$8) refers to fputc.o(i.fputc) for fputc
    printf8.o(i.__0printf$8) refers to stdout.o(.data) for __stdout
    printf8.o(i.__0snprintf$8) refers to printf8.o(i._printf_core) for _printf_core
    printf8.o(i.__0snprintf$8) refers to printf8.o(i._snputc) for _snputc
    printf8.o(i.__0sprintf$8) refers to printf8.o(i._printf_core) for _printf_core
    printf8.o(i.__0sprintf$8) refers to printf8.o(i._sputc) for _sputc
    printf8.o(i.__0vfprintf$8) refers to printf8.o(i._printf_core) for _printf_core
    printf8.o(i.__0vfprintf$8) refers to fputc.o(i.fputc) for fputc
    printf8.o(i.__0vprintf$8) refers to printf8.o(i._printf_core) for _printf_core
    printf8.o(i.__0vprintf$8) refers to fputc.o(i.fputc) for fputc
    printf8.o(i.__0vprintf$8) refers to stdout.o(.data) for __stdout
    printf8.o(i.__0vsnprintf$8) refers to printf8.o(i._printf_core) for _printf_core
    printf8.o(i.__0vsnprintf$8) refers to printf8.o(i._snputc) for _snputc
    printf8.o(i.__0vsprintf$8) refers to printf8.o(i._printf_core) for _printf_core
    printf8.o(i.__0vsprintf$8) refers to printf8.o(i._sputc) for _sputc
    printf8.o(i._printf_core) refers to printf8.o(i._printf_pre_padding) for _printf_pre_padding
    printf8.o(i._printf_core) refers to uldiv.o(.text) for __aeabi_uldivmod
    printf8.o(i._printf_core) refers to printf8.o(i._printf_post_padding) for _printf_post_padding
    printfa.o(i.__0fprintf) refers (Special) to iusefp.o(.text) for __I$use$fp
    printfa.o(i.__0fprintf) refers to printfa.o(i._printf_core) for _printf_core
    printfa.o(i.__0fprintf) refers to fputc.o(i.fputc) for fputc
    printfa.o(i.__0printf) refers (Special) to iusefp.o(.text) for __I$use$fp
    printfa.o(i.__0printf) refers to printfa.o(i._printf_core) for _printf_core
    printfa.o(i.__0printf) refers to fputc.o(i.fputc) for fputc
    printfa.o(i.__0printf) refers to stdout.o(.data) for __stdout
    printfa.o(i.__0snprintf) refers (Special) to iusefp.o(.text) for __I$use$fp
    printfa.o(i.__0snprintf) refers to printfa.o(i._printf_core) for _printf_core
    printfa.o(i.__0snprintf) refers to printfa.o(i._snputc) for _snputc
    printfa.o(i.__0sprintf) refers (Special) to iusefp.o(.text) for __I$use$fp
    printfa.o(i.__0sprintf) refers to printfa.o(i._printf_core) for _printf_core
    printfa.o(i.__0sprintf) refers to printfa.o(i._sputc) for _sputc
    printfa.o(i.__0vfprintf) refers (Special) to iusefp.o(.text) for __I$use$fp
    printfa.o(i.__0vfprintf) refers to printfa.o(i._printf_core) for _printf_core
    printfa.o(i.__0vfprintf) refers to fputc.o(i.fputc) for fputc
    printfa.o(i.__0vprintf) refers (Special) to iusefp.o(.text) for __I$use$fp
    printfa.o(i.__0vprintf) refers to printfa.o(i._printf_core) for _printf_core
    printfa.o(i.__0vprintf) refers to fputc.o(i.fputc) for fputc
    printfa.o(i.__0vprintf) refers to stdout.o(.data) for __stdout
    printfa.o(i.__0vsnprintf) refers (Special) to iusefp.o(.text) for __I$use$fp
    printfa.o(i.__0vsnprintf) refers to printfa.o(i._printf_core) for _printf_core
    printfa.o(i.__0vsnprintf) refers to printfa.o(i._snputc) for _snputc
    printfa.o(i.__0vsprintf) refers (Special) to iusefp.o(.text) for __I$use$fp
    printfa.o(i.__0vsprintf) refers to printfa.o(i._printf_core) for _printf_core
    printfa.o(i.__0vsprintf) refers to printfa.o(i._sputc) for _sputc
    printfa.o(i._fp_digits) refers (Special) to iusefp.o(.text) for __I$use$fp
    printfa.o(i._fp_digits) refers to dmul.o(.text) for __aeabi_dmul
    printfa.o(i._fp_digits) refers to ddiv.o(.text) for __aeabi_ddiv
    printfa.o(i._fp_digits) refers to cdrcmple.o(.text) for __aeabi_cdrcmple
    printfa.o(i._fp_digits) refers to dadd.o(.text) for __aeabi_dadd
    printfa.o(i._fp_digits) refers to dfixul.o(.text) for __aeabi_d2ulz
    printfa.o(i._fp_digits) refers to uldiv.o(.text) for __aeabi_uldivmod
    printfa.o(i._printf_core) refers (Special) to iusefp.o(.text) for __I$use$fp
    printfa.o(i._printf_core) refers to printfa.o(i._printf_pre_padding) for _printf_pre_padding
    printfa.o(i._printf_core) refers to uldiv.o(.text) for __aeabi_uldivmod
    printfa.o(i._printf_core) refers to printfa.o(i._printf_post_padding) for _printf_post_padding
    printfa.o(i._printf_core) refers to printfa.o(i._fp_digits) for _fp_digits
    printfa.o(i._printf_core) refers to uidiv.o(.text) for __aeabi_uidivmod
    printfa.o(i._printf_post_padding) refers (Special) to iusefp.o(.text) for __I$use$fp
    printfa.o(i._printf_pre_padding) refers (Special) to iusefp.o(.text) for __I$use$fp
    printfa.o(i._snputc) refers (Special) to iusefp.o(.text) for __I$use$fp
    printfa.o(i._sputc) refers (Special) to iusefp.o(.text) for __I$use$fp
    entry2.o(.ARM.Collect$$$$00000001) refers to entry2.o(.ARM.Collect$$$$00002712) for __lit__00000000
    entry2.o(.ARM.Collect$$$$00002712) refers to startup_lpc17xx.o(STACK) for __initial_sp
    entry2.o(__vectab_stack_and_reset_area) refers to startup_lpc17xx.o(STACK) for __initial_sp
    entry2.o(__vectab_stack_and_reset_area) refers to entry.o(.ARM.Collect$$$$00000000) for __main
    entry5.o(.ARM.Collect$$$$00000004) refers to init.o(.text) for __scatterload
    entry9a.o(.ARM.Collect$$$$0000000B) refers to main.o(.text) for main
    entry9b.o(.ARM.Collect$$$$0000000C) refers to main.o(.text) for main
    fputc.o(i.fputc) refers (Special) to iusesemip.o(.text) for __I$use$semihosting$fputc
    fputc.o(i.fputc) refers (Special) to semi.o(.text) for __semihosting_library_function
    uldiv.o(.text) refers to llushr.o(.text) for __aeabi_llsr
    uldiv.o(.text) refers to llshl.o(.text) for __aeabi_llsl
    dadd.o(.text) refers to llshl.o(.text) for __aeabi_llsl
    dadd.o(.text) refers to llsshr.o(.text) for __aeabi_lasr
    dadd.o(.text) refers to depilogue.o(.text) for _double_epilogue
    dmul.o(.text) refers to depilogue.o(.text) for _double_epilogue
    ddiv.o(.text) refers to depilogue.o(.text) for _double_round
    dfixul.o(.text) refers to llushr.o(.text) for __aeabi_llsr
    dfixul.o(.text) refers to llshl.o(.text) for __aeabi_llsl
    init.o(.text) refers to entry5.o(.ARM.Collect$$$$00000004) for __main_after_scatterload
    depilogue.o(.text) refers to llshl.o(.text) for __aeabi_llsl
    depilogue.o(.text) refers to llushr.o(.text) for __aeabi_llsr


==============================================================================

Removing Unused input sections from the image.

    Removing main.o(.bss), (20 bytes).
    Removing main.o(.bss), (1024 bytes).
    Removing startup_lpc17xx.o(HEAP), (0 bytes).
    Removing core_cm3.o(.emb_text), (32 bytes).
    Removing os_dbg.o(.constdata), (112 bytes).
    Removing os_dbg.o(.constdata), (2 bytes).
    Removing os_mutex.o(.text), (1344 bytes).
    Removing dadd.o(.text), (334 bytes).
    Removing dmul.o(.text), (228 bytes).
    Removing ddiv.o(.text), (222 bytes).
    Removing dfixul.o(.text), (48 bytes).
    Removing cdrcmple.o(.text), (48 bytes).
    Removing depilogue.o(.text), (186 bytes).

13 unused section(s) (total 3600 bytes) removed from the image.

==============================================================================

Image Symbol Table

    Local Symbols

    Symbol Name                              Value     Ov Type        Size  Object(Section)

    ../clib/microlib/division.c              0x00000000   Number         0  uidiv.o ABSOLUTE
    ../clib/microlib/division.c              0x00000000   Number         0  uldiv.o ABSOLUTE
    ../clib/microlib/init/entry.s            0x00000000   Number         0  entry.o ABSOLUTE
    ../clib/microlib/init/entry.s            0x00000000   Number         0  entry5.o ABSOLUTE
    ../clib/microlib/init/entry.s            0x00000000   Number         0  entry2.o ABSOLUTE
    ../clib/microlib/init/entry.s            0x00000000   Number         0  entry9b.o ABSOLUTE
    ../clib/microlib/init/entry.s            0x00000000   Number         0  entry11b.o ABSOLUTE
    ../clib/microlib/init/entry.s            0x00000000   Number         0  entry11a.o ABSOLUTE
    ../clib/microlib/init/entry.s            0x00000000   Number         0  entry10b.o ABSOLUTE
    ../clib/microlib/init/entry.s            0x00000000   Number         0  entry10a.o ABSOLUTE
    ../clib/microlib/init/entry.s            0x00000000   Number         0  entry9a.o ABSOLUTE
    ../clib/microlib/init/entry.s            0x00000000   Number         0  entry8b.o ABSOLUTE
    ../clib/microlib/init/entry.s            0x00000000   Number         0  entry8a.o ABSOLUTE
    ../clib/microlib/init/entry.s            0x00000000   Number         0  entry7b.o ABSOLUTE
    ../clib/microlib/init/entry.s            0x00000000   Number         0  entry7a.o ABSOLUTE
    ../clib/microlib/longlong.c              0x00000000   Number         0  llshl.o ABSOLUTE
    ../clib/microlib/longlong.c              0x00000000   Number         0  llushr.o ABSOLUTE
    ../clib/microlib/longlong.c              0x00000000   Number         0  llsshr.o ABSOLUTE
    ../clib/microlib/printf/printf.c         0x00000000   Number         0  printf5.o ABSOLUTE
    ../clib/microlib/printf/printf.c         0x00000000   Number         0  printf4.o ABSOLUTE
    ../clib/microlib/printf/printf.c         0x00000000   Number         0  printf3.o ABSOLUTE
    ../clib/microlib/printf/printf.c         0x00000000   Number         0  printf2.o ABSOLUTE
    ../clib/microlib/printf/printf.c         0x00000000   Number         0  printf1.o ABSOLUTE
    ../clib/microlib/printf/printf.c         0x00000000   Number         0  printf0.o ABSOLUTE
    ../clib/microlib/printf/printf.c         0x00000000   Number         0  printfb.o ABSOLUTE
    ../clib/microlib/printf/printf.c         0x00000000   Number         0  printfa.o ABSOLUTE
    ../clib/microlib/printf/printf.c         0x00000000   Number         0  printf8.o ABSOLUTE
    ../clib/microlib/printf/printf.c         0x00000000   Number         0  printf7.o ABSOLUTE
    ../clib/microlib/printf/printf.c         0x00000000   Number         0  printf6.o ABSOLUTE
    ../clib/microlib/printf/stubs.s          0x00000000   Number         0  stubs.o ABSOLUTE
    ../clib/microlib/stdio/fputc.c           0x00000000   Number         0  fputc.o ABSOLUTE
    ../clib/microlib/stdio/semi.s            0x00000000   Number         0  semi.o ABSOLUTE
    ../clib/microlib/stdio/streams.c         0x00000000   Number         0  stdout.o ABSOLUTE
    ../clib/microlib/string/memcpy.c         0x00000000   Number         0  memcpyb.o ABSOLUTE
    ../clib/microlib/string/memcpy.c         0x00000000   Number         0  memcpya.o ABSOLUTE
    ../clib/microlib/string/memset.c         0x00000000   Number         0  memseta.o ABSOLUTE
    ../clib/microlib/string/strcat.c         0x00000000   Number         0  strcat.o ABSOLUTE
    ../clib/microlib/string/strstr.c         0x00000000   Number         0  strstr.o ABSOLUTE
    ../clib/microlib/stubs.s                 0x00000000   Number         0  iusefp.o ABSOLUTE
    ../clib/microlib/stubs.s                 0x00000000   Number         0  iusesemip.o ABSOLUTE
    ../fplib/microlib/fpadd.c                0x00000000   Number         0  dadd.o ABSOLUTE
    ../fplib/microlib/fpdiv.c                0x00000000   Number         0  ddiv.o ABSOLUTE
    ../fplib/microlib/fpepilogue.c           0x00000000   Number         0  depilogue.o ABSOLUTE
    ../fplib/microlib/fpfix.c                0x00000000   Number         0  dfixul.o ABSOLUTE
    ../fplib/microlib/fpmul.c                0x00000000   Number         0  dmul.o ABSOLUTE
    ..\Hardware\delay\delay.c                0x00000000   Number         0  delay.o ABSOLUTE
    ..\Hardware\eeprom\lpc177x_8x_eeprom.c   0x00000000   Number         0  lpc177x_8x_eeprom.o ABSOLUTE
    ..\Hardware\uart\queue.c                 0x00000000   Number         0  queue.o ABSOLUTE
    ..\Hardware\uart\uart0.c                 0x00000000   Number         0  uart0.o ABSOLUTE
    ..\Hardware\uart\uart1.c                 0x00000000   Number         0  uart1.o ABSOLUTE
    ..\Hardware\uart\uart2.c                 0x00000000   Number         0  uart2.o ABSOLUTE
    ..\Libraries\Core\core_cm3.c             0x00000000   Number         0  core_cm3.o ABSOLUTE
    ..\Libraries\Core\system_LPC177x_8x.c    0x00000000   Number         0  system_lpc177x_8x.o ABSOLUTE
    ..\Startup\startup_LPC17xx.s             0x00000000   Number         0  startup_lpc17xx.o ABSOLUTE
    ..\User\OS_AppHooks.c                    0x00000000   Number         0  os_apphooks.o ABSOLUTE
    ..\User\User_TimeTicks.c                 0x00000000   Number         0  user_timeticks.o ABSOLUTE
    ..\User\cmd_process.c                    0x00000000   Number         0  cmd_process.o ABSOLUTE
    ..\User\function.c                       0x00000000   Number         0  function.o ABSOLUTE
    ..\User\main.c                           0x00000000   Number         0  main.o ABSOLUTE
    ..\User\user_Task.c                      0x00000000   Number         0  user_task.o ABSOLUTE
    ..\\Libraries\\Core\\core_cm3.c          0x00000000   Number         0  core_cm3.o ABSOLUTE
    ..\ucOSII2.91\Ports\os_cpu_a.asm         0x00000000   Number         0  os_cpu_a.o ABSOLUTE
    ..\ucOSII2.91\Ports\os_cpu_c.c           0x00000000   Number         0  os_cpu_c.o ABSOLUTE
    ..\ucOSII2.91\Ports\os_dbg.c             0x00000000   Number         0  os_dbg.o ABSOLUTE
    ..\ucOSII2.91\Source\os_core.c           0x00000000   Number         0  os_core.o ABSOLUTE
    ..\ucOSII2.91\Source\os_flag.c           0x00000000   Number         0  os_flag.o ABSOLUTE
    ..\ucOSII2.91\Source\os_mbox.c           0x00000000   Number         0  os_mbox.o ABSOLUTE
    ..\ucOSII2.91\Source\os_mem.c            0x00000000   Number         0  os_mem.o ABSOLUTE
    ..\ucOSII2.91\Source\os_mutex.c          0x00000000   Number         0  os_mutex.o ABSOLUTE
    ..\ucOSII2.91\Source\os_q.c              0x00000000   Number         0  os_q.o ABSOLUTE
    ..\ucOSII2.91\Source\os_sem.c            0x00000000   Number         0  os_sem.o ABSOLUTE
    ..\ucOSII2.91\Source\os_task.c           0x00000000   Number         0  os_task.o ABSOLUTE
    ..\ucOSII2.91\Source\os_time.c           0x00000000   Number         0  os_time.o ABSOLUTE
    ..\ucOSII2.91\Source\os_tmr.c            0x00000000   Number         0  os_tmr.o ABSOLUTE
    cdrcmple.s                               0x00000000   Number         0  cdrcmple.o ABSOLUTE
    dc.s                                     0x00000000   Number         0  dc.o ABSOLUTE
    handlers.s                               0x00000000   Number         0  handlers.o ABSOLUTE
    init.s                                   0x00000000   Number         0  init.o ABSOLUTE
    RESET                                    0x00006000   Section      196  startup_lpc17xx.o(RESET)
    .ARM.Collect$$$$00000000                 0x000060c4   Section        0  entry.o(.ARM.Collect$$$$00000000)
    .ARM.Collect$$$$00000001                 0x000060c4   Section        4  entry2.o(.ARM.Collect$$$$00000001)
    .ARM.Collect$$$$00000004                 0x000060c8   Section        4  entry5.o(.ARM.Collect$$$$00000004)
    .ARM.Collect$$$$00000008                 0x000060cc   Section        0  entry7b.o(.ARM.Collect$$$$00000008)
    .ARM.Collect$$$$0000000A                 0x000060cc   Section        0  entry8b.o(.ARM.Collect$$$$0000000A)
    .ARM.Collect$$$$0000000B                 0x000060cc   Section        8  entry9a.o(.ARM.Collect$$$$0000000B)
    .ARM.Collect$$$$0000000D                 0x000060d4   Section        0  entry10a.o(.ARM.Collect$$$$0000000D)
    .ARM.Collect$$$$0000000F                 0x000060d4   Section        0  entry11a.o(.ARM.Collect$$$$0000000F)
    .ARM.Collect$$$$00002712                 0x000060d4   Section        4  entry2.o(.ARM.Collect$$$$00002712)
    __lit__00000000                          0x000060d4   Data           4  entry2.o(.ARM.Collect$$$$00002712)
    .text                                    0x000060d8   Section        0  os_apphooks.o(.text)
    .text                                    0x000060ea   Section        0  user_timeticks.o(.text)
    .text                                    0x000060ec   Section        0  main.o(.text)
    .text                                    0x000063dc   Section        0  cmd_process.o(.text)
    .text                                    0x0000664c   Section        0  user_task.o(.text)
    .text                                    0x00006794   Section        0  function.o(.text)
    .text                                    0x00006834   Section        0  lpc177x_8x_eeprom.o(.text)
    .text                                    0x00006b34   Section        0  delay.o(.text)
    .text                                    0x00006b6c   Section        0  queue.o(.text)
    .text                                    0x00006cc0   Section        0  uart0.o(.text)
    .text                                    0x00006eb4   Section        0  uart1.o(.text)
    .text                                    0x00007078   Section        0  uart2.o(.text)
    .text                                    0x0000722c   Section       36  startup_lpc17xx.o(.text)
    .text                                    0x00007250   Section        0  system_lpc177x_8x.o(.text)
    .text                                    0x0000740c   Section        0  os_cpu_c.o(.text)
    .text                                    0x00007518   Section        0  os_dbg.o(.text)
    .text                                    0x0000751c   Section        0  os_core.o(.text)
    OS_SchedNew                              0x00007d99   Thumb Code    24  os_core.o(.text)
    OS_InitEventList                         0x00007db1   Thumb Code    74  os_core.o(.text)
    OS_InitTCBList                           0x00007dfb   Thumb Code    94  os_core.o(.text)
    .text                                    0x00007e70   Section        0  os_flag.o(.text)
    OS_FlagTaskRdy                           0x00007f79   Thumb Code    72  os_flag.o(.text)
    OS_FlagBlock                             0x0000810d   Thumb Code    86  os_flag.o(.text)
    .text                                    0x00008430   Section        0  os_mbox.o(.text)
    .text                                    0x000087b8   Section        0  os_mem.o(.text)
    .text                                    0x000089a4   Section        0  os_q.o(.text)
    .text                                    0x00008f00   Section        0  os_sem.o(.text)
    .text                                    0x0000923c   Section        0  os_task.o(.text)
    .text                                    0x000099e4   Section        0  os_time.o(.text)
    .text                                    0x00009b74   Section        0  os_tmr.o(.text)
    OSTmr_Free                               0x00009c03   Thumb Code    50  os_tmr.o(.text)
    OSTmr_Unlink                             0x00009c35   Thumb Code    58  os_tmr.o(.text)
    OSTmr_Link                               0x00009e0b   Thumb Code    66  os_tmr.o(.text)
    OSTmr_Task                               0x00009f53   Thumb Code   138  os_tmr.o(.text)
    .text                                    0x0000a104   Section        0  memcpya.o(.text)
    .text                                    0x0000a128   Section        0  memseta.o(.text)
    .text                                    0x0000a14c   Section        0  strcat.o(.text)
    .text                                    0x0000a164   Section        0  strstr.o(.text)
    .text                                    0x0000a188   Section        0  uidiv.o(.text)
    .text                                    0x0000a1b4   Section       36  init.o(.text)
    OSKernelschedular                        0x0000a1d8   Section      160  os_cpu_a.o(OSKernelschedular)
    i.__0sprintf$6                           0x0000a278   Section        0  printf6.o(i.__0sprintf$6)
    i.__scatterload_copy                     0x0000a2a0   Section       14  handlers.o(i.__scatterload_copy)
    i.__scatterload_null                     0x0000a2ae   Section        2  handlers.o(i.__scatterload_null)
    i.__scatterload_zeroinit                 0x0000a2b0   Section       14  handlers.o(i.__scatterload_zeroinit)
    i._printf_core                           0x0000a2c0   Section        0  printf6.o(i._printf_core)
    _printf_core                             0x0000a2c1   Thumb Code   748  printf6.o(i._printf_core)
    i._printf_post_padding                   0x0000a5b0   Section        0  printf6.o(i._printf_post_padding)
    _printf_post_padding                     0x0000a5b1   Thumb Code    36  printf6.o(i._printf_post_padding)
    i._printf_pre_padding                    0x0000a5d4   Section        0  printf6.o(i._printf_pre_padding)
    _printf_pre_padding                      0x0000a5d5   Thumb Code    46  printf6.o(i._printf_pre_padding)
    i._sputc                                 0x0000a602   Section        0  printf6.o(i._sputc)
    _sputc                                   0x0000a603   Thumb Code    10  printf6.o(i._sputc)
    .constdata                               0x0000a60c   Section       71  main.o(.constdata)
    .constdata                               0x0000a653   Section      256  os_core.o(.constdata)
    .data                                    0x10000000   Section       12  main.o(.data)
    .data                                    0x1000000c   Section        4  main.o(.data)
    .data                                    0x10000010   Section        4  uart0.o(.data)
    Uart0Sem                                 0x10000010   Data           4  uart0.o(.data)
    .data                                    0x10000014   Section        4  uart1.o(.data)
    Uart1Sem                                 0x10000014   Data           4  uart1.o(.data)
    .data                                    0x10000018   Section        4  uart2.o(.data)
    Uart2Sem                                 0x10000018   Data           4  uart2.o(.data)
    .data                                    0x1000001c   Section       16  system_lpc177x_8x.o(.data)
    .data                                    0x1000002c   Section        2  os_cpu_c.o(.data)
    OSTmrCtr                                 0x1000002c   Data           2  os_cpu_c.o(.data)
    .data                                    0x10000030   Section       60  os_core.o(.data)
    .data                                    0x1000006c   Section        4  os_core.o(.data)
    .data                                    0x10000070   Section        4  os_core.o(.data)
    .data                                    0x10000074   Section        4  os_core.o(.data)
    .data                                    0x10000078   Section        2  os_core.o(.data)
    .data                                    0x1000007a   Section        2  os_core.o(.data)
    .data                                    0x1000007c   Section        4  os_core.o(.data)
    .data                                    0x10000080   Section        4  os_core.o(.data)
    .data                                    0x10000084   Section        4  os_core.o(.data)
    .data                                    0x10000088   Section        4  os_core.o(.data)
    .bss                                     0x1000008c   Section     4652  main.o(.bss)
    .bss                                     0x100012b8   Section      300  main.o(.bss)
    .bss                                     0x100013e4   Section      300  main.o(.bss)
    .bss                                     0x10001510   Section      256  uart0.o(.bss)
    UART0SendBuf                             0x10001510   Data         256  uart0.o(.bss)
    .bss                                     0x10001610   Section      256  uart1.o(.bss)
    UART1SendBuf                             0x10001610   Data         256  uart1.o(.bss)
    .bss                                     0x10001710   Section      256  uart2.o(.bss)
    UART2SendBuf                             0x10001710   Data         256  uart2.o(.bss)
    .bss                                     0x10001810   Section     3056  os_core.o(.bss)
    .bss                                     0x10002400   Section       80  os_core.o(.bss)
    .bss                                     0x10002450   Section      120  os_core.o(.bss)
    .bss                                     0x100024c8   Section       96  os_core.o(.bss)
    .bss                                     0x10002528   Section      640  os_core.o(.bss)
    .bss                                     0x100027a8   Section      256  os_core.o(.bss)
    .bss                                     0x100028a8   Section       64  os_core.o(.bss)
    STACK                                    0x100028e8   Section      512  startup_lpc17xx.o(STACK)

    Global Symbols

    Symbol Name                              Value     Ov Type        Size  Object(Section)

    BuildAttributes$$THM_ISAv4$P$D$K$B$S$PE$A:L22UL41UL21$X:L11$S22US41US21$IEEE1$IW$USESV6$~STKCKD$USESV7$~SHL$OSPACE$ROPI$EBA8$MICROLIB$REQ8$PRES8$EABIv2 0x00000000   Number         0  anon$$obj.o ABSOLUTE
    __ARM_use_no_argv                        0x00000000   Number         0  main.o ABSOLUTE
    _printf_a                                0x00000000   Number         0  stubs.o ABSOLUTE
    _printf_c                                0x00000000   Number         0  stubs.o ABSOLUTE
    _printf_charcount                        0x00000000   Number         0  stubs.o ABSOLUTE
    _printf_d                                0x00000000   Number         0  stubs.o ABSOLUTE
    _printf_e                                0x00000000   Number         0  stubs.o ABSOLUTE
    _printf_f                                0x00000000   Number         0  stubs.o ABSOLUTE
    _printf_flags                            0x00000000   Number         0  stubs.o ABSOLUTE
    _printf_fp_dec                           0x00000000   Number         0  stubs.o ABSOLUTE
    _printf_fp_hex                           0x00000000   Number         0  stubs.o ABSOLUTE
    _printf_g                                0x00000000   Number         0  stubs.o ABSOLUTE
    _printf_i                                0x00000000   Number         0  stubs.o ABSOLUTE
    _printf_int_dec                          0x00000000   Number         0  stubs.o ABSOLUTE
    _printf_l                                0x00000000   Number         0  stubs.o ABSOLUTE
    _printf_lc                               0x00000000   Number         0  stubs.o ABSOLUTE
    _printf_ll                               0x00000000   Number         0  stubs.o ABSOLUTE
    _printf_lld                              0x00000000   Number         0  stubs.o ABSOLUTE
    _printf_lli                              0x00000000   Number         0  stubs.o ABSOLUTE
    _printf_llo                              0x00000000   Number         0  stubs.o ABSOLUTE
    _printf_llu                              0x00000000   Number         0  stubs.o ABSOLUTE
    _printf_llx                              0x00000000   Number         0  stubs.o ABSOLUTE
    _printf_longlong_dec                     0x00000000   Number         0  stubs.o ABSOLUTE
    _printf_longlong_hex                     0x00000000   Number         0  stubs.o ABSOLUTE
    _printf_longlong_oct                     0x00000000   Number         0  stubs.o ABSOLUTE
    _printf_ls                               0x00000000   Number         0  stubs.o ABSOLUTE
    _printf_mbtowc                           0x00000000   Number         0  stubs.o ABSOLUTE
    _printf_n                                0x00000000   Number         0  stubs.o ABSOLUTE
    _printf_o                                0x00000000   Number         0  stubs.o ABSOLUTE
    _printf_p                                0x00000000   Number         0  stubs.o ABSOLUTE
    _printf_percent                          0x00000000   Number         0  stubs.o ABSOLUTE
    _printf_pre_padding                      0x00000000   Number         0  stubs.o ABSOLUTE
    _printf_return_value                     0x00000000   Number         0  stubs.o ABSOLUTE
    _printf_s                                0x00000000   Number         0  stubs.o ABSOLUTE
    _printf_sizespec                         0x00000000   Number         0  stubs.o ABSOLUTE
    _printf_str                              0x00000000   Number         0  stubs.o ABSOLUTE
    _printf_truncate_signed                  0x00000000   Number         0  stubs.o ABSOLUTE
    _printf_truncate_unsigned                0x00000000   Number         0  stubs.o ABSOLUTE
    _printf_u                                0x00000000   Number         0  stubs.o ABSOLUTE
    _printf_wc                               0x00000000   Number         0  stubs.o ABSOLUTE
    _printf_wctomb                           0x00000000   Number         0  stubs.o ABSOLUTE
    _printf_widthprec                        0x00000000   Number         0  stubs.o ABSOLUTE
    _printf_x                                0x00000000   Number         0  stubs.o ABSOLUTE
    __cpp_initialize__aeabi_                  - Undefined Weak Reference
    __cxa_finalize                            - Undefined Weak Reference
    __decompress                              - Undefined Weak Reference
    _clock_init                               - Undefined Weak Reference
    _microlib_exit                            - Undefined Weak Reference
    __Vectors                                0x00006000   Data           4  startup_lpc17xx.o(RESET)
    __main                                   0x000060c5   Thumb Code     0  entry.o(.ARM.Collect$$$$00000000)
    _main_stk                                0x000060c5   Thumb Code     0  entry2.o(.ARM.Collect$$$$00000001)
    _main_scatterload                        0x000060c9   Thumb Code     0  entry5.o(.ARM.Collect$$$$00000004)
    __main_after_scatterload                 0x000060cd   Thumb Code     0  entry5.o(.ARM.Collect$$$$00000004)
    _main_clock                              0x000060cd   Thumb Code     0  entry7b.o(.ARM.Collect$$$$00000008)
    _main_cpp_init                           0x000060cd   Thumb Code     0  entry8b.o(.ARM.Collect$$$$0000000A)
    _main_init                               0x000060cd   Thumb Code     0  entry9a.o(.ARM.Collect$$$$0000000B)
    __rt_final_cpp                           0x000060d5   Thumb Code     0  entry10a.o(.ARM.Collect$$$$0000000D)
    __rt_final_exit                          0x000060d5   Thumb Code     0  entry11a.o(.ARM.Collect$$$$0000000F)
    OSTaskReturnHook                         0x000060d9   Thumb Code     2  os_apphooks.o(.text)
    App_TaskCreateHook                       0x000060db   Thumb Code     2  os_apphooks.o(.text)
    App_TaskDelHook                          0x000060dd   Thumb Code     2  os_apphooks.o(.text)
    App_TaskIdleHook                         0x000060df   Thumb Code     2  os_apphooks.o(.text)
    App_TaskReturnHook                       0x000060e1   Thumb Code     2  os_apphooks.o(.text)
    App_TaskStatHook                         0x000060e3   Thumb Code     2  os_apphooks.o(.text)
    App_TaskSwHook                           0x000060e5   Thumb Code     2  os_apphooks.o(.text)
    App_TCBInitHook                          0x000060e7   Thumb Code     2  os_apphooks.o(.text)
    App_TimeTickHook                         0x000060e9   Thumb Code     2  os_apphooks.o(.text)
    User_TimeTicks                           0x000060eb   Thumb Code     2  user_timeticks.o(.text)
    restore_set                              0x000060ed   Thumb Code    24  main.o(.text)
    READ_EPROM_Init                          0x00006105   Thumb Code    60  main.o(.text)
    HW_Init                                  0x00006141   Thumb Code   172  main.o(.text)
    scan                                     0x000061ed   Thumb Code   206  main.o(.text)
    TaskWDT                                  0x000062bb   Thumb Code    68  main.o(.text)
    TaskSvr                                  0x000062ff   Thumb Code    18  main.o(.text)
    main                                     0x00006311   Thumb Code   128  main.o(.text)
    creat_ch                                 0x000063dd   Thumb Code    54  cmd_process.o(.text)
    cmd_process                              0x00006413   Thumb Code   502  cmd_process.o(.text)
    TaskUart0Cmd                             0x0000664d   Thumb Code    74  user_task.o(.text)
    TaskUart0Rcv                             0x00006697   Thumb Code    92  user_task.o(.text)
    TaskUart1Cmd                             0x000066f3   Thumb Code    54  user_task.o(.text)
    TaskUart1Rcv                             0x00006729   Thumb Code    90  user_task.o(.text)
    err                                      0x00006795   Thumb Code    38  function.o(.text)
    restore                                  0x000067bb   Thumb Code     2  function.o(.text)
    reset                                    0x000067bd   Thumb Code    38  function.o(.text)
    light_reset                              0x000067e3   Thumb Code    52  function.o(.text)
    LPC1778_EEPROM_Init                      0x00006835   Thumb Code   102  lpc177x_8x_eeprom.o(.text)
    EEPROM_Write                             0x0000689b   Thumb Code   274  lpc177x_8x_eeprom.o(.text)
    EEPROM_Write_Str                         0x000069ad   Thumb Code    28  lpc177x_8x_eeprom.o(.text)
    Save_To_EPROM                            0x000069c9   Thumb Code    28  lpc177x_8x_eeprom.o(.text)
    EEPROM_Read                              0x000069e5   Thumb Code   204  lpc177x_8x_eeprom.o(.text)
    EEPROM_Read_Str                          0x00006ab1   Thumb Code    22  lpc177x_8x_eeprom.o(.text)
    EEPROM_Erase                             0x00006ac7   Thumb Code    72  lpc177x_8x_eeprom.o(.text)
    EEPROM_PowerDown                         0x00006b0f   Thumb Code    16  lpc177x_8x_eeprom.o(.text)
    delay_nms                                0x00006b35   Thumb Code    28  delay.o(.text)
    DelayNms                                 0x00006b51   Thumb Code    28  delay.o(.text)
    QueueCreate                              0x00006b6d   Thumb Code    62  queue.o(.text)
    Queue_find_data                          0x00006bab   Thumb Code    32  queue.o(.text)
    QueueRead                                0x00006bcb   Thumb Code    80  queue.o(.text)
    QueueWrite                               0x00006c1b   Thumb Code    84  queue.o(.text)
    QueueNData                               0x00006c6f   Thumb Code    24  queue.o(.text)
    QueueSize                                0x00006c87   Thumb Code    24  queue.o(.text)
    QueueFlush                               0x00006c9f   Thumb Code    34  queue.o(.text)
    Uart0WriteFull                           0x00006cc1   Thumb Code    42  uart0.o(.text)
    UART0Init                                0x00006ceb   Thumb Code   178  uart0.o(.text)
    UART0Putch                               0x00006d9d   Thumb Code    54  uart0.o(.text)
    UART0Put_str                             0x00006dd3   Thumb Code    26  uart0.o(.text)
    UART0Write_Str                           0x00006ded   Thumb Code    20  uart0.o(.text)
    UART0Getch                               0x00006e01   Thumb Code    36  uart0.o(.text)
    UART0_IRQHandler                         0x00006e25   Thumb Code   114  uart0.o(.text)
    Uart1WriteFull                           0x00006eb5   Thumb Code    42  uart1.o(.text)
    UART1_Init                               0x00006edf   Thumb Code   104  uart1.o(.text)
    UART1Putch                               0x00006f47   Thumb Code    54  uart1.o(.text)
    UART1Put_str                             0x00006f7d   Thumb Code    24  uart1.o(.text)
    UART1Write_Str                           0x00006f95   Thumb Code    20  uart1.o(.text)
    UART1Getch                               0x00006fa9   Thumb Code    36  uart1.o(.text)
    UART1Get                                 0x00006fcd   Thumb Code    34  uart1.o(.text)
    UART1_IRQHandler                         0x00006fef   Thumb Code   112  uart1.o(.text)
    Uart2WriteFull                           0x00007079   Thumb Code    42  uart2.o(.text)
    UART2_Init                               0x000070a3   Thumb Code   102  uart2.o(.text)
    UART2Putch                               0x00007109   Thumb Code    54  uart2.o(.text)
    UART2Put_str                             0x0000713f   Thumb Code    26  uart2.o(.text)
    UART2Write_Str                           0x00007159   Thumb Code    20  uart2.o(.text)
    UART2Getch                               0x0000716d   Thumb Code    36  uart2.o(.text)
    UART2Get                                 0x00007191   Thumb Code    16  uart2.o(.text)
    UART2_IRQHandler                         0x000071a1   Thumb Code   114  uart2.o(.text)
    Reset_Handler                            0x0000722d   Thumb Code     8  startup_lpc17xx.o(.text)
    NMI_Handler                              0x00007235   Thumb Code     2  startup_lpc17xx.o(.text)
    HardFault_Handler                        0x00007237   Thumb Code     2  startup_lpc17xx.o(.text)
    MemManage_Handler                        0x00007239   Thumb Code     2  startup_lpc17xx.o(.text)
    BusFault_Handler                         0x0000723b   Thumb Code     2  startup_lpc17xx.o(.text)
    UsageFault_Handler                       0x0000723d   Thumb Code     2  startup_lpc17xx.o(.text)
    SVC_Handler                              0x0000723f   Thumb Code     2  startup_lpc17xx.o(.text)
    DebugMon_Handler                         0x00007241   Thumb Code     2  startup_lpc17xx.o(.text)
    ADC_IRQHandler                           0x00007247   Thumb Code     0  startup_lpc17xx.o(.text)
    BOD_IRQHandler                           0x00007247   Thumb Code     0  startup_lpc17xx.o(.text)
    CAN_IRQHandler                           0x00007247   Thumb Code     0  startup_lpc17xx.o(.text)
    DMA_IRQHandler                           0x00007247   Thumb Code     0  startup_lpc17xx.o(.text)
    EINT0_IRQHandler                         0x00007247   Thumb Code     0  startup_lpc17xx.o(.text)
    EINT1_IRQHandler                         0x00007247   Thumb Code     0  startup_lpc17xx.o(.text)
    EINT2_IRQHandler                         0x00007247   Thumb Code     0  startup_lpc17xx.o(.text)
    EINT3_IRQHandler                         0x00007247   Thumb Code     0  startup_lpc17xx.o(.text)
    ENET_IRQHandler                          0x00007247   Thumb Code     0  startup_lpc17xx.o(.text)
    I2C0_IRQHandler                          0x00007247   Thumb Code     0  startup_lpc17xx.o(.text)
    I2C1_IRQHandler                          0x00007247   Thumb Code     0  startup_lpc17xx.o(.text)
    I2C2_IRQHandler                          0x00007247   Thumb Code     0  startup_lpc17xx.o(.text)
    I2S_IRQHandler                           0x00007247   Thumb Code     0  startup_lpc17xx.o(.text)
    MCPWM_IRQHandler                         0x00007247   Thumb Code     0  startup_lpc17xx.o(.text)
    PLL0_IRQHandler                          0x00007247   Thumb Code     0  startup_lpc17xx.o(.text)
    PLL1_IRQHandler                          0x00007247   Thumb Code     0  startup_lpc17xx.o(.text)
    PWM1_IRQHandler                          0x00007247   Thumb Code     0  startup_lpc17xx.o(.text)
    QEI_IRQHandler                           0x00007247   Thumb Code     0  startup_lpc17xx.o(.text)
    RIT_IRQHandler                           0x00007247   Thumb Code     0  startup_lpc17xx.o(.text)
    RTC_IRQHandler                           0x00007247   Thumb Code     0  startup_lpc17xx.o(.text)
    SPI_IRQHandler                           0x00007247   Thumb Code     0  startup_lpc17xx.o(.text)
    SSP0_IRQHandler                          0x00007247   Thumb Code     0  startup_lpc17xx.o(.text)
    SSP1_IRQHandler                          0x00007247   Thumb Code     0  startup_lpc17xx.o(.text)
    TIMER0_IRQHandler                        0x00007247   Thumb Code     0  startup_lpc17xx.o(.text)
    TIMER1_IRQHandler                        0x00007247   Thumb Code     0  startup_lpc17xx.o(.text)
    TIMER2_IRQHandler                        0x00007247   Thumb Code     0  startup_lpc17xx.o(.text)
    TIMER3_IRQHandler                        0x00007247   Thumb Code     0  startup_lpc17xx.o(.text)
    UART3_IRQHandler                         0x00007247   Thumb Code     0  startup_lpc17xx.o(.text)
    USB_IRQHandler                           0x00007247   Thumb Code     0  startup_lpc17xx.o(.text)
    WDT_IRQHandler                           0x00007247   Thumb Code     0  startup_lpc17xx.o(.text)
    SystemCoreClockUpdate                    0x00007251   Thumb Code   284  system_lpc177x_8x.o(.text)
    SystemInit                               0x0000736d   Thumb Code   138  system_lpc177x_8x.o(.text)
    OSInitHookBegin                          0x0000740d   Thumb Code     8  os_cpu_c.o(.text)
    OSInitHookEnd                            0x00007415   Thumb Code     2  os_cpu_c.o(.text)
    OSTaskCreateHook                         0x00007417   Thumb Code     4  os_cpu_c.o(.text)
    OSTaskDelHook                            0x0000741b   Thumb Code     4  os_cpu_c.o(.text)
    OSTaskIdleHook                           0x0000741f   Thumb Code     4  os_cpu_c.o(.text)
    OSTaskStatHook                           0x00007423   Thumb Code     4  os_cpu_c.o(.text)
    OSTaskStkInit                            0x00007427   Thumb Code   114  os_cpu_c.o(.text)
    OSTaskSwHook                             0x00007499   Thumb Code     4  os_cpu_c.o(.text)
    OSTCBInitHook                            0x0000749d   Thumb Code     4  os_cpu_c.o(.text)
    OSTimeTickHook                           0x000074a1   Thumb Code    34  os_cpu_c.o(.text)
    SysTick_Handler                          0x000074c3   Thumb Code    38  os_cpu_c.o(.text)
    OS_CPU_SysTickInit                       0x000074e9   Thumb Code    32  os_cpu_c.o(.text)
    OSDebugInit                              0x00007519   Thumb Code     2  os_dbg.o(.text)
    OS_StrLen                                0x0000751d   Thumb Code    20  os_core.o(.text)
    OSEventNameGet                           0x00007531   Thumb Code    86  os_core.o(.text)
    OSEventNameSet                           0x00007587   Thumb Code    70  os_core.o(.text)
    OS_EventTaskRemoveMulti                  0x000075cd   Thumb Code    40  os_core.o(.text)
    OS_Sched                                 0x000075f5   Thumb Code    64  os_core.o(.text)
    OS_EventTaskWaitMulti                    0x00007635   Thumb Code    86  os_core.o(.text)
    OSEventPendMulti                         0x0000768b   Thumb Code   470  os_core.o(.text)
    OS_TaskStatStkChk                        0x00007861   Thumb Code    50  os_core.o(.text)
    OS_TaskStat                              0x00007893   Thumb Code    82  os_core.o(.text)
    OS_TaskIdle                              0x000078e5   Thumb Code    24  os_core.o(.text)
    OS_MemClr                                0x000078fd   Thumb Code    18  os_core.o(.text)
    OSInit                                   0x0000790f   Thumb Code   196  os_core.o(.text)
    OSIntEnter                               0x000079d3   Thumb Code    20  os_core.o(.text)
    OSIntExit                                0x000079e7   Thumb Code    84  os_core.o(.text)
    OSSchedLock                              0x00007a3b   Thumb Code    38  os_core.o(.text)
    OSSchedUnlock                            0x00007a61   Thumb Code    52  os_core.o(.text)
    OSStart                                  0x00007a95   Thumb Code    40  os_core.o(.text)
    OSStatInit                               0x00007abd   Thumb Code    48  os_core.o(.text)
    OSTimeTick                               0x00007aed   Thumb Code   154  os_core.o(.text)
    OSVersion                                0x00007b87   Thumb Code     6  os_core.o(.text)
    OS_Dummy                                 0x00007b8d   Thumb Code     2  os_core.o(.text)
    OS_EventTaskRemove                       0x00007b8f   Thumb Code    32  os_core.o(.text)
    OS_EventTaskRdy                          0x00007baf   Thumb Code   102  os_core.o(.text)
    OS_EventTaskWait                         0x00007c15   Thumb Code    68  os_core.o(.text)
    OS_EventWaitListInit                     0x00007c59   Thumb Code    20  os_core.o(.text)
    OS_MemCopy                               0x00007c6d   Thumb Code    22  os_core.o(.text)
    OS_TCBInit                               0x00007c83   Thumb Code   278  os_core.o(.text)
    OSFlagAccept                             0x00007e71   Thumb Code   164  os_flag.o(.text)
    OSFlagCreate                             0x00007f15   Thumb Code    68  os_flag.o(.text)
    OS_FlagUnlink                            0x00007f59   Thumb Code    32  os_flag.o(.text)
    OSFlagDel                                0x00007fc1   Thumb Code   186  os_flag.o(.text)
    OSFlagNameGet                            0x0000807b   Thumb Code    84  os_flag.o(.text)
    OSFlagNameSet                            0x000080cf   Thumb Code    62  os_flag.o(.text)
    OSFlagPend                               0x00008163   Thumb Code   368  os_flag.o(.text)
    OSFlagPendGetFlagsRdy                    0x000082d3   Thumb Code    20  os_flag.o(.text)
    OSFlagPost                               0x000082e7   Thumb Code   214  os_flag.o(.text)
    OSFlagQuery                              0x000083bd   Thumb Code    44  os_flag.o(.text)
    OS_FlagInit                              0x000083e9   Thumb Code    64  os_flag.o(.text)
    OSMboxAccept                             0x00008431   Thumb Code    34  os_mbox.o(.text)
    OSMboxCreate                             0x00008453   Thumb Code    58  os_mbox.o(.text)
    OSMboxDel                                0x0000848d   Thumb Code   194  os_mbox.o(.text)
    OSMboxPend                               0x0000854f   Thumb Code   196  os_mbox.o(.text)
    OSMboxPendAbort                          0x00008613   Thumb Code   116  os_mbox.o(.text)
    OSMboxPost                               0x00008687   Thumb Code    88  os_mbox.o(.text)
    OSMboxPostOpt                            0x000086df   Thumb Code   120  os_mbox.o(.text)
    OSMboxQuery                              0x00008757   Thumb Code    76  os_mbox.o(.text)
    OSMemCreate                              0x000087b9   Thumb Code   122  os_mem.o(.text)
    OSMemGet                                 0x00008833   Thumb Code    62  os_mem.o(.text)
    OSMemNameGet                             0x00008871   Thumb Code    66  os_mem.o(.text)
    OSMemNameSet                             0x000088b3   Thumb Code    48  os_mem.o(.text)
    OSMemPut                                 0x000088e3   Thumb Code    58  os_mem.o(.text)
    OSMemQuery                               0x0000891d   Thumb Code    58  os_mem.o(.text)
    OS_MemInit                               0x00008957   Thumb Code    62  os_mem.o(.text)
    OSQAccept                                0x000089a5   Thumb Code    84  os_q.o(.text)
    OSQCreate                                0x000089f9   Thumb Code   114  os_q.o(.text)
    OSQDel                                   0x00008a6b   Thumb Code   224  os_q.o(.text)
    OSQFlush                                 0x00008b4b   Thumb Code    48  os_q.o(.text)
    OSQPend                                  0x00008b7b   Thumb Code   212  os_q.o(.text)
    OSQPendAbort                             0x00008c4f   Thumb Code   114  os_q.o(.text)
    OSQPost                                  0x00008cc1   Thumb Code   112  os_q.o(.text)
    OSQPostFront                             0x00008d31   Thumb Code   110  os_q.o(.text)
    OSQPostOpt                               0x00008d9f   Thumb Code   192  os_q.o(.text)
    OSQQuery                                 0x00008e5f   Thumb Code    96  os_q.o(.text)
    OS_QInit                                 0x00008ebf   Thumb Code    56  os_q.o(.text)
    OSSemAccept                              0x00008f01   Thumb Code    36  os_sem.o(.text)
    OSSemCreate                              0x00008f25   Thumb Code    58  os_sem.o(.text)
    OSSemDel                                 0x00008f5f   Thumb Code   194  os_sem.o(.text)
    OSSemPend                                0x00009021   Thumb Code   180  os_sem.o(.text)
    OSSemPendAbort                           0x000090d5   Thumb Code   116  os_sem.o(.text)
    OSSemPost                                0x00009149   Thumb Code    88  os_sem.o(.text)
    OSSemQuery                               0x000091a1   Thumb Code    78  os_sem.o(.text)
    OSSemSet                                 0x000091ef   Thumb Code    58  os_sem.o(.text)
    OSTaskChangePrio                         0x0000923d   Thumb Code   350  os_task.o(.text)
    OSTaskCreate                             0x0000939b   Thumb Code   132  os_task.o(.text)
    OS_TaskStkClr                            0x0000941f   Thumb Code    22  os_task.o(.text)
    OSTaskCreateExt                          0x00009435   Thumb Code   152  os_task.o(.text)
    OSTaskDel                                0x000094cd   Thumb Code   282  os_task.o(.text)
    OSTaskDelReq                             0x000095e7   Thumb Code   140  os_task.o(.text)
    OSTaskNameGet                            0x00009673   Thumb Code   110  os_task.o(.text)
    OSTaskNameSet                            0x000096e1   Thumb Code    94  os_task.o(.text)
    OSTaskResume                             0x0000973f   Thumb Code   140  os_task.o(.text)
    OSTaskStkChk                             0x000097cb   Thumb Code   126  os_task.o(.text)
    OSTaskSuspend                            0x00009849   Thumb Code   146  os_task.o(.text)
    OSTaskQuery                              0x000098db   Thumb Code    94  os_task.o(.text)
    OSTaskRegGet                             0x00009939   Thumb Code    66  os_task.o(.text)
    OSTaskRegSet                             0x0000997b   Thumb Code    64  os_task.o(.text)
    OS_TaskReturn                            0x000099bb   Thumb Code    18  os_task.o(.text)
    OSTimeDly                                0x000099e5   Thumb Code    82  os_time.o(.text)
    OSTimeDlyHMSM                            0x00009a37   Thumb Code   108  os_time.o(.text)
    OSTimeDlyResume                          0x00009aa3   Thumb Code   144  os_time.o(.text)
    OSTimeGet                                0x00009b33   Thumb Code    18  os_time.o(.text)
    OSTimeSet                                0x00009b45   Thumb Code    20  os_time.o(.text)
    OSTmrCreate                              0x00009b75   Thumb Code   142  os_tmr.o(.text)
    OSTmrDel                                 0x00009c6f   Thumb Code   100  os_tmr.o(.text)
    OSTmrNameGet                             0x00009cd3   Thumb Code   106  os_tmr.o(.text)
    OSTmrRemainGet                           0x00009d3d   Thumb Code   132  os_tmr.o(.text)
    OSTmrStateGet                            0x00009dc1   Thumb Code    74  os_tmr.o(.text)
    OSTmrStart                               0x00009e4d   Thumb Code   102  os_tmr.o(.text)
    OSTmrStop                                0x00009eb3   Thumb Code   152  os_tmr.o(.text)
    OSTmrSignal                              0x00009f4b   Thumb Code     8  os_tmr.o(.text)
    OSTmr_Init                               0x00009fdd   Thumb Code   198  os_tmr.o(.text)
    __aeabi_memcpy                           0x0000a105   Thumb Code    36  memcpya.o(.text)
    __aeabi_memcpy4                          0x0000a105   Thumb Code     0  memcpya.o(.text)
    __aeabi_memcpy8                          0x0000a105   Thumb Code     0  memcpya.o(.text)
    __aeabi_memset                           0x0000a129   Thumb Code    14  memseta.o(.text)
    __aeabi_memset4                          0x0000a129   Thumb Code     0  memseta.o(.text)
    __aeabi_memset8                          0x0000a129   Thumb Code     0  memseta.o(.text)
    __aeabi_memclr                           0x0000a137   Thumb Code     4  memseta.o(.text)
    __aeabi_memclr4                          0x0000a137   Thumb Code     0  memseta.o(.text)
    __aeabi_memclr8                          0x0000a137   Thumb Code     0  memseta.o(.text)
    _memset$wrapper                          0x0000a13b   Thumb Code    18  memseta.o(.text)
    strcat                                   0x0000a14d   Thumb Code    24  strcat.o(.text)
    strstr                                   0x0000a165   Thumb Code    36  strstr.o(.text)
    __aeabi_uidiv                            0x0000a189   Thumb Code     0  uidiv.o(.text)
    __aeabi_uidivmod                         0x0000a189   Thumb Code    44  uidiv.o(.text)
    __scatterload                            0x0000a1b5   Thumb Code    28  init.o(.text)
    __scatterload_rt2                        0x0000a1b5   Thumb Code     0  init.o(.text)
    OS_CPU_SR_Save                           0x0000a1d9   Thumb Code     0  os_cpu_a.o(OSKernelschedular)
    OS_CPU_SR_Restore                        0x0000a1e1   Thumb Code     0  os_cpu_a.o(OSKernelschedular)
    OSStartHighRdy                           0x0000a1e7   Thumb Code     0  os_cpu_a.o(OSKernelschedular)
    OSCtxSw                                  0x0000a207   Thumb Code     0  os_cpu_a.o(OSKernelschedular)
    OSIntCtxSw                               0x0000a211   Thumb Code     0  os_cpu_a.o(OSKernelschedular)
    PendSV_Handler                           0x0000a21b   Thumb Code     0  os_cpu_a.o(OSKernelschedular)
    IntDisAll                                0x0000a253   Thumb Code     0  os_cpu_a.o(OSKernelschedular)
    __0sprintf$6                             0x0000a279   Thumb Code    34  printf6.o(i.__0sprintf$6)
    __1sprintf$6                             0x0000a279   Thumb Code     0  printf6.o(i.__0sprintf$6)
    __2sprintf                               0x0000a279   Thumb Code     0  printf6.o(i.__0sprintf$6)
    __scatterload_copy                       0x0000a2a1   Thumb Code    14  handlers.o(i.__scatterload_copy)
    __scatterload_null                       0x0000a2af   Thumb Code     2  handlers.o(i.__scatterload_null)
    __scatterload_zeroinit                   0x0000a2b1   Thumb Code    14  handlers.o(i.__scatterload_zeroinit)
    SVersion                                 0x0000a60c   Data          71  main.o(.constdata)
    OSUnMapTbl                               0x0000a653   Data         256  os_core.o(.constdata)
    Region$$Table$$Base                      0x0000a754   Number         0  anon$$obj.o(Region$$Table)
    Region$$Table$$Limit                     0x0000a774   Number         0  anon$$obj.o(Region$$Table)
    run_flag                                 0x10000000   Data           1  main.o(.data)
    scan_flag                                0x10000001   Data           1  main.o(.data)
    stime                                    0x10000002   Data           1  main.o(.data)
    ADDR                                     0x10000003   Data           1  main.o(.data)
    OPS_CH                                   0x10000004   Data           1  main.o(.data)
    srch                                     0x10000006   Data           2  main.o(.data)
    Uart0RcvMbox                             0x10000008   Data           4  main.o(.data)
    Uart1RcvMbox                             0x1000000c   Data           4  main.o(.data)
    SystemCoreClock                          0x1000001c   Data           4  system_lpc177x_8x.o(.data)
    PeripheralClock                          0x10000020   Data           4  system_lpc177x_8x.o(.data)
    EMCClock                                 0x10000024   Data           4  system_lpc177x_8x.o(.data)
    USBClock                                 0x10000028   Data           4  system_lpc177x_8x.o(.data)
    OSCPUUsage                               0x10000030   Data           1  os_core.o(.data)
    OSStatRdy                                0x10000031   Data           1  os_core.o(.data)
    OSIntNesting                             0x10000032   Data           1  os_core.o(.data)
    OSLockNesting                            0x10000033   Data           1  os_core.o(.data)
    OSPrioCur                                0x10000034   Data           1  os_core.o(.data)
    OSPrioHighRdy                            0x10000035   Data           1  os_core.o(.data)
    OSRdyGrp                                 0x10000036   Data           1  os_core.o(.data)
    OSRunning                                0x10000037   Data           1  os_core.o(.data)
    OSTaskCtr                                0x10000038   Data           1  os_core.o(.data)
    OSTickStepState                          0x10000039   Data           1  os_core.o(.data)
    OSCtxSwCtr                               0x1000003c   Data           4  os_core.o(.data)
    OSEventFreeList                          0x10000040   Data           4  os_core.o(.data)
    OSIdleCtrMax                             0x10000044   Data           4  os_core.o(.data)
    OSIdleCtrRun                             0x10000048   Data           4  os_core.o(.data)
    OSIdleCtr                                0x1000004c   Data           4  os_core.o(.data)
    OSTCBCur                                 0x10000050   Data           4  os_core.o(.data)
    OSTCBFreeList                            0x10000054   Data           4  os_core.o(.data)
    OSTCBHighRdy                             0x10000058   Data           4  os_core.o(.data)
    OSTCBList                                0x1000005c   Data           4  os_core.o(.data)
    OSTime                                   0x10000060   Data           4  os_core.o(.data)
    OSRdyTbl                                 0x10000064   Data           8  os_core.o(.data)
    OSFlagFreeList                           0x1000006c   Data           4  os_core.o(.data)
    OSMemFreeList                            0x10000070   Data           4  os_core.o(.data)
    OSQFreeList                              0x10000074   Data           4  os_core.o(.data)
    OSTmrFree                                0x10000078   Data           2  os_core.o(.data)
    OSTmrUsed                                0x1000007a   Data           2  os_core.o(.data)
    OSTmrTime                                0x1000007c   Data           4  os_core.o(.data)
    OSTmrSem                                 0x10000080   Data           4  os_core.o(.data)
    OSTmrSemSignal                           0x10000084   Data           4  os_core.o(.data)
    OSTmrFreeList                            0x10000088   Data           4  os_core.o(.data)
    EPROM                                    0x1000008c   Data          41  main.o(.bss)
    TaskUart0CmdStk                          0x100000b8   Data        1024  main.o(.bss)
    TaskUart0RcvStk                          0x100004b8   Data        1024  main.o(.bss)
    TaskUart1CmdStk                          0x100008b8   Data        1024  main.o(.bss)
    TaskUart1RcvStk                          0x10000cb8   Data        1024  main.o(.bss)
    TaskWDTStk                               0x100010b8   Data         512  main.o(.bss)
    uart0RcvBuf                              0x100012b8   Data         300  main.o(.bss)
    uart1RcvBuf                              0x100013e4   Data         300  main.o(.bss)
    OSEventTbl                               0x10001810   Data         480  os_core.o(.bss)
    OSTaskStatStk                            0x100019f0   Data         256  os_core.o(.bss)
    OSTaskIdleStk                            0x10001af0   Data         128  os_core.o(.bss)
    OSTCBPrioTbl                             0x10001b70   Data         256  os_core.o(.bss)
    OSTCBTbl                                 0x10001c70   Data        1936  os_core.o(.bss)
    OSFlagTbl                                0x10002400   Data          80  os_core.o(.bss)
    OSMemTbl                                 0x10002450   Data         120  os_core.o(.bss)
    OSQTbl                                   0x100024c8   Data          96  os_core.o(.bss)
    OSTmrTbl                                 0x10002528   Data         640  os_core.o(.bss)
    OSTmrTaskStk                             0x100027a8   Data         256  os_core.o(.bss)
    OSTmrWheelTbl                            0x100028a8   Data          64  os_core.o(.bss)
    __initial_sp                             0x10002ae8   Data           0  startup_lpc17xx.o(STACK)



==============================================================================

Memory Map of the image

  Image Entry point : 0x000060c5

  Load Region LR_IROM1 (Base: 0x00006000, Size: 0x00004800, Max: 0x00080000, ABSOLUTE)

    Execution Region ER_IROM1 (Base: 0x00006000, Size: 0x00004774, Max: 0x00080000, ABSOLUTE)

    Base Addr    Size         Type   Attr      Idx    E Section Name        Object

    0x00006000   0x000000c4   Data   RO          303    RESET               startup_lpc17xx.o
    0x000060c4   0x00000000   Code   RO          526  * .ARM.Collect$$$$00000000  mc_w.l(entry.o)
    0x000060c4   0x00000004   Code   RO          800    .ARM.Collect$$$$00000001  mc_w.l(entry2.o)
    0x000060c8   0x00000004   Code   RO          803    .ARM.Collect$$$$00000004  mc_w.l(entry5.o)
    0x000060cc   0x00000000   Code   RO          805    .ARM.Collect$$$$00000008  mc_w.l(entry7b.o)
    0x000060cc   0x00000000   Code   RO          807    .ARM.Collect$$$$0000000A  mc_w.l(entry8b.o)
    0x000060cc   0x00000008   Code   RO          808    .ARM.Collect$$$$0000000B  mc_w.l(entry9a.o)
    0x000060d4   0x00000000   Code   RO          810    .ARM.Collect$$$$0000000D  mc_w.l(entry10a.o)
    0x000060d4   0x00000000   Code   RO          812    .ARM.Collect$$$$0000000F  mc_w.l(entry11a.o)
    0x000060d4   0x00000004   Code   RO          801    .ARM.Collect$$$$00002712  mc_w.l(entry2.o)
    0x000060d8   0x00000012   Code   RO            1    .text               os_apphooks.o
    0x000060ea   0x00000002   Code   RO          124    .text               user_timeticks.o
    0x000060ec   0x000002f0   Code   RO          140    .text               main.o
    0x000063dc   0x00000270   Code   RO          166    .text               cmd_process.o
    0x0000664c   0x00000148   Code   RO          181    .text               user_task.o
    0x00006794   0x000000a0   Code   RO          194    .text               function.o
    0x00006834   0x00000300   Code   RO          206    .text               lpc177x_8x_eeprom.o
    0x00006b34   0x00000038   Code   RO          224    .text               delay.o
    0x00006b6c   0x00000154   Code   RO          236    .text               queue.o
    0x00006cc0   0x000001f4   Code   RO          248    .text               uart0.o
    0x00006eb4   0x000001c4   Code   RO          271    .text               uart1.o
    0x00007078   0x000001b4   Code   RO          286    .text               uart2.o
    0x0000722c   0x00000024   Code   RO          304    .text               startup_lpc17xx.o
    0x00007250   0x000001bc   Code   RO          319    .text               system_lpc177x_8x.o
    0x0000740c   0x0000010c   Code   RO          337    .text               os_cpu_c.o
    0x00007518   0x00000002   Code   RO          361    .text               os_dbg.o
    0x0000751a   0x00000002   PAD
    0x0000751c   0x00000954   Code   RO          380    .text               os_core.o
    0x00007e70   0x000005c0   Code   RO          416    .text               os_flag.o
    0x00008430   0x00000388   Code   RO          429    .text               os_mbox.o
    0x000087b8   0x000001ec   Code   RO          441    .text               os_mem.o
    0x000089a4   0x0000055c   Code   RO          465    .text               os_q.o
    0x00008f00   0x0000033c   Code   RO          477    .text               os_sem.o
    0x0000923c   0x000007a8   Code   RO          489    .text               os_task.o
    0x000099e4   0x00000190   Code   RO          502    .text               os_time.o
    0x00009b74   0x00000590   Code   RO          514    .text               os_tmr.o
    0x0000a104   0x00000024   Code   RO          529    .text               mc_w.l(memcpya.o)
    0x0000a128   0x00000024   Code   RO          531    .text               mc_w.l(memseta.o)
    0x0000a14c   0x00000018   Code   RO          533    .text               mc_w.l(strcat.o)
    0x0000a164   0x00000024   Code   RO          535    .text               mc_w.l(strstr.o)
    0x0000a188   0x0000002c   Code   RO          817    .text               mc_w.l(uidiv.o)
    0x0000a1b4   0x00000024   Code   RO          832    .text               mc_w.l(init.o)
    0x0000a1d8   0x000000a0   Code   RO          377    OSKernelschedular   os_cpu_a.o
    0x0000a278   0x00000028   Code   RO          696    i.__0sprintf$6      mc_w.l(printf6.o)
    0x0000a2a0   0x0000000e   Code   RO          846    i.__scatterload_copy  mc_w.l(handlers.o)
    0x0000a2ae   0x00000002   Code   RO          847    i.__scatterload_null  mc_w.l(handlers.o)
    0x0000a2b0   0x0000000e   Code   RO          848    i.__scatterload_zeroinit  mc_w.l(handlers.o)
    0x0000a2be   0x00000002   PAD
    0x0000a2c0   0x000002f0   Code   RO          701    i._printf_core      mc_w.l(printf6.o)
    0x0000a5b0   0x00000024   Code   RO          702    i._printf_post_padding  mc_w.l(printf6.o)
    0x0000a5d4   0x0000002e   Code   RO          703    i._printf_pre_padding  mc_w.l(printf6.o)
    0x0000a602   0x0000000a   Code   RO          705    i._sputc            mc_w.l(printf6.o)
    0x0000a60c   0x00000047   Data   RO          146    .constdata          main.o
    0x0000a653   0x00000100   Data   RO          388    .constdata          os_core.o
    0x0000a753   0x00000001   PAD
    0x0000a754   0x00000020   Data   RO          844    Region$$Table       anon$$obj.o


    Execution Region RW_IRAM1 (Base: 0x10000000, Size: 0x00002ae8, Max: 0x00010000, ABSOLUTE)

    Base Addr    Size         Type   Attr      Idx    E Section Name        Object

    0x10000000   0x0000000c   Data   RW          147    .data               main.o
    0x1000000c   0x00000004   Data   RW          148    .data               main.o
    0x10000010   0x00000004   Data   RW          250    .data               uart0.o
    0x10000014   0x00000004   Data   RW          273    .data               uart1.o
    0x10000018   0x00000004   Data   RW          288    .data               uart2.o
    0x1000001c   0x00000010   Data   RW          320    .data               system_lpc177x_8x.o
    0x1000002c   0x00000002   Data   RW          338    .data               os_cpu_c.o
    0x1000002e   0x00000002   PAD
    0x10000030   0x0000003c   Data   RW          389    .data               os_core.o
    0x1000006c   0x00000004   Data   RW          390    .data               os_core.o
    0x10000070   0x00000004   Data   RW          391    .data               os_core.o
    0x10000074   0x00000004   Data   RW          392    .data               os_core.o
    0x10000078   0x00000002   Data   RW          393    .data               os_core.o
    0x1000007a   0x00000002   Data   RW          394    .data               os_core.o
    0x1000007c   0x00000004   Data   RW          395    .data               os_core.o
    0x10000080   0x00000004   Data   RW          396    .data               os_core.o
    0x10000084   0x00000004   Data   RW          397    .data               os_core.o
    0x10000088   0x00000004   Data   RW          398    .data               os_core.o
    0x1000008c   0x0000122c   Zero   RW          142    .bss                main.o
    0x100012b8   0x0000012c   Zero   RW          143    .bss                main.o
    0x100013e4   0x0000012c   Zero   RW          144    .bss                main.o
    0x10001510   0x00000100   Zero   RW          249    .bss                uart0.o
    0x10001610   0x00000100   Zero   RW          272    .bss                uart1.o
    0x10001710   0x00000100   Zero   RW          287    .bss                uart2.o
    0x10001810   0x00000bf0   Zero   RW          381    .bss                os_core.o
    0x10002400   0x00000050   Zero   RW          382    .bss                os_core.o
    0x10002450   0x00000078   Zero   RW          383    .bss                os_core.o
    0x100024c8   0x00000060   Zero   RW          384    .bss                os_core.o
    0x10002528   0x00000280   Zero   RW          385    .bss                os_core.o
    0x100027a8   0x00000100   Zero   RW          386    .bss                os_core.o
    0x100028a8   0x00000040   Zero   RW          387    .bss                os_core.o
    0x100028e8   0x00000200   Zero   RW          301    STACK               startup_lpc17xx.o


==============================================================================

Image component sizes


      Code (inc. data)   RO Data    RW Data    ZI Data      Debug   Object Name

       624         68          0          0          0       2687   cmd_process.o
        56          0          0          0          0        705   delay.o
       160         30          0          0          0       1008   function.o
       768         22          0          0          0       4648   lpc177x_8x_eeprom.o
       752         76         71         16       5252       4455   main.o
        18          0          0          0          0      47721   os_apphooks.o
      2388         84        256         92       4312      19049   os_core.o
       160         28          0          0          0        312   os_cpu_a.o
       268         16          0          2          0      12699   os_cpu_c.o
         2          0          0          0          0        426   os_dbg.o
      1472         36          0          0          0       7234   os_flag.o
       904         22          0          0          0       4566   os_mbox.o
       492         16          0          0          0       3440   os_mem.o
      1372         34          0          0          0       6081   os_q.o
       828         20          0          0          0       4274   os_sem.o
      1960         68          0          0          0       8767   os_task.o
       400         28          0          0          0       2018   os_time.o
      1424        130          0          0          0       5637   os_tmr.o
       340          0          0          0          0       2971   queue.o
        36          8        196          0        512        792   startup_lpc17xx.o
       444         22          0         16          0       1211   system_lpc177x_8x.o
       500         40          0          4        256      19353   uart0.o
       452         26          0          4        256       2728   uart1.o
       436         26          0          4        256       2776   uart2.o
       328         18          0          0          0       1954   user_task.o
         2          0          0          0          0        397   user_timeticks.o

    ----------------------------------------------------------------------
     16588        818        556        140      10844     167909   Object Totals
         0          0         32          0          0          0   (incl. Generated)
         2          0          1          2          0          0   (incl. Padding)

    ----------------------------------------------------------------------

      Code (inc. data)   RO Data    RW Data    ZI Data      Debug   Library Member Name

         0          0          0          0          0          0   entry.o
         0          0          0          0          0          0   entry10a.o
         0          0          0          0          0          0   entry11a.o
         8          4          0          0          0          0   entry2.o
         4          0          0          0          0          0   entry5.o
         0          0          0          0          0          0   entry7b.o
         0          0          0          0          0          0   entry8b.o
         8          4          0          0          0          0   entry9a.o
        30          0          0          0          0          0   handlers.o
        36          8          0          0          0         68   init.o
        36          0          0          0          0         68   memcpya.o
        36          0          0          0          0        108   memseta.o
       884         10          0          0          0        420   printf6.o
        24          0          0          0          0         68   strcat.o
        36          0          0          0          0         80   strstr.o
        44          0          0          0          0         80   uidiv.o

    ----------------------------------------------------------------------
      1148         26          0          0          0        892   Library Totals
         2          0          0          0          0          0   (incl. Padding)

    ----------------------------------------------------------------------

      Code (inc. data)   RO Data    RW Data    ZI Data      Debug   Library Name

      1146         26          0          0          0        892   mc_w.l

    ----------------------------------------------------------------------
      1148         26          0          0          0        892   Library Totals

    ----------------------------------------------------------------------

==============================================================================


      Code (inc. data)   RO Data    RW Data    ZI Data      Debug   

     17736        844        556        140      10844     166561   Grand Totals
     17736        844        556        140      10844     166561   ELF Image Totals
     17736        844        556        140          0          0   ROM Totals

==============================================================================

    Total RO  Size (Code + RO Data)                18292 (  17.86kB)
    Total RW  Size (RW Data + ZI Data)             10984 (  10.73kB)
    Total ROM Size (Code + RO Data + RW Data)      18432 (  18.00kB)

==============================================================================

